Component: ARM Compiler 5.06 update 7 (build 960) Tool: armlink [4d3601]

==============================================================================

Section Cross References

    main.o(i.Calculate) refers to main.o(i.Rec_Number) for Rec_Number
    main.o(i.Calculate) refers to strcat.o(.text) for strcat
    main.o(i.Calculate) refers to strlen.o(.text) for strlen
    main.o(i.Calculate) refers to lcd.o(i.LCD_Data) for LCD_Data
    main.o(i.Calculate) refers to lcd.o(i.LCD_Clear_Screen) for LCD_Clear_Screen
    main.o(i.Calculate) refers to memseta.o(.text) for __aeabi_memclr4
    main.o(i.Calculate) refers to atof.o(i.__hardfp_atof) for __hardfp_atof
    main.o(i.Calculate) refers to d2f.o(.text) for __aeabi_d2f
    main.o(i.Calculate) refers to f2d.o(.text) for __aeabi_f2d
    main.o(i.Calculate) refers to pow.o(i.__hardfp_pow) for __hardfp_pow
    main.o(i.Calculate) refers to dmul.o(.text) for __aeabi_dmul
    main.o(i.Calculate) refers to printfa.o(i.__0sprintf) for __2sprintf
    main.o(i.Calculate) refers to main.o(.data) for Count
    main.o(i.Calculate) refers to main.o(.bss) for first_op_final
    main.o(i.Calculate) refers to dfixi.o(.text) for __aeabi_d2iz
    main.o(i.Calculate) refers to dflti.o(.text) for __aeabi_i2d
    main.o(i.Initialize) refers to delay.o(i.Delay_Init) for Delay_Init
    main.o(i.Initialize) refers to lcd.o(i.LCD_Port_Init) for LCD_Port_Init
    main.o(i.Initialize) refers to lcd.o(i.LCD_Command_Init) for LCD_Command_Init
    main.o(i.Initialize) refers to lcd.o(i.LCD_Init) for LCD_Init
    main.o(i.Initialize) refers to keypad.o(i.Keypad_Init) for Keypad_Init
    main.o(i.Rec_Char) refers to main.o(.data) for S_flag
    main.o(i.main) refers to main.o(i.Initialize) for Initialize
    main.o(i.main) refers to lcd.o(i.LCD_Write_String) for LCD_Write_String
    main.o(i.main) refers to delay.o(i.Delay_ms) for Delay_ms
    main.o(i.main) refers to lcd.o(i.LCD_Clear_Screen) for LCD_Clear_Screen
    main.o(i.main) refers to keypad.o(i.Keypad_Read) for Keypad_Read
    main.o(i.main) refers to main.o(i.password) for password
    main.o(i.main) refers to lcd.o(i.LCD_Data) for LCD_Data
    main.o(i.main) refers to printfa.o(i.__0sprintf) for __2sprintf
    main.o(i.main) refers to lcd.o(i.lcdGoto) for lcdGoto
    main.o(i.main) refers to main.o(i.Rec_Char) for Rec_Char
    main.o(i.main) refers to main.o(i.Calculate) for Calculate
    main.o(i.main) refers to f2d.o(.text) for __aeabi_f2d
    main.o(i.main) refers to strlen.o(.text) for strlen
    main.o(i.main) refers to main.o(.data) for key
    main.o(i.main) refers to main.o(.bss) for pass_in
    main.o(i.password) refers to strcat.o(.text) for strcat
    main.o(i.password) refers to strcpy.o(.text) for strcpy
    main.o(i.password) refers to atoi.o(.text) for atoi
    main.o(i.password) refers to memseta.o(.text) for __aeabi_memclr4
    main.o(i.password) refers to main.o(.bss) for pass_in
    main.o(i.password) refers to main.o(.data) for PW
    keypad.o(i.Keypad_Read) refers to keypad.o(.constdata) for .constdata
    lcd.o(i.LCD_Clear_Screen) refers to lcd.o(i.lcd_Command) for lcd_Command
    lcd.o(i.LCD_Clear_Screen) refers to delay.o(i.Delay_ms) for Delay_ms
    lcd.o(i.LCD_Command_Init) refers to lcd.o(i.lcd_Command) for lcd_Command
    lcd.o(i.LCD_Command_Init) refers to delay.o(i.Delay_ms) for Delay_ms
    lcd.o(i.LCD_Data) refers to delay.o(i.Delay_Us) for Delay_Us
    lcd.o(i.LCD_Data) refers to lcd.o(i.lcdENPulse) for lcdENPulse
    lcd.o(i.LCD_Data) refers to delay.o(i.Delay_ms) for Delay_ms
    lcd.o(i.LCD_Init) refers to delay.o(i.Delay_Init) for Delay_Init
    lcd.o(i.LCD_Init) refers to delay.o(i.Delay_ms) for Delay_ms
    lcd.o(i.LCD_Init) refers to lcd.o(i.lcdENPulse) for lcdENPulse
    lcd.o(i.LCD_Write_String) refers to lcd.o(i.LCD_Data) for LCD_Data
    lcd.o(i.lcdENPulse) refers to delay.o(i.Delay_Us) for Delay_Us
    lcd.o(i.lcdGoto) refers to lcd.o(i.lcd_Command) for lcd_Command
    lcd.o(i.lcdGoto) refers to delay.o(i.Delay_ms) for Delay_ms
    lcd.o(i.lcd_Command) refers to delay.o(i.Delay_Us) for Delay_Us
    lcd.o(i.lcd_Command) refers to lcd.o(i.lcdENPulse) for lcdENPulse
    lcd.o(i.lcd_Command) refers to delay.o(i.Delay_ms) for Delay_ms
    startup_tm4c123.o(RESET) refers to startup_tm4c123.o(STACK) for __initial_sp
    startup_tm4c123.o(RESET) refers to startup_tm4c123.o(.text) for Reset_Handler
    startup_tm4c123.o(.text) refers to system_tm4c123.o(i.SystemInit) for SystemInit
    startup_tm4c123.o(.text) refers to entry.o(.ARM.Collect$$$$00000000) for __main
    system_tm4c123.o(i.SystemCoreClockUpdate) refers to system_tm4c123.o(i.getOscClk) for getOscClk
    system_tm4c123.o(i.SystemCoreClockUpdate) refers to system_tm4c123.o(.data) for SystemCoreClock
    atof.o(i.__hardfp_atof) refers (Special) to iusefp.o(.text) for __I$use$fp
    atof.o(i.__hardfp_atof) refers to errno.o(i.__read_errno) for __read_errno
[...]
    printf1.o(i.__0printf$1) refers to printf1.o(i._printf_core) for _printf_core
    printf1.o(i.__0printf$1) refers to fputc.o(i.fputc) for fputc
    printf1.o(i.__0printf$1) refers to stdout.o(.data) for __stdout
    printf1.o(i.__0snprintf$1) refers to printf1.o(i._printf_core) for _printf_core
    printf1.o(i.__0snprintf$1) refers to printf1.o(i._snputc) for _snputc
    printf1.o(i.__0sprintf$1) refers to printf1.o(i._printf_core) for _printf_core
    printf1.o(i.__0sprintf$1) refers to printf1.o(i._sputc) for _sputc
    printf1.o(i.__0vfprintf$1) refers to printf1.o(i._printf_core) for _printf_core
    printf1.o(i.__0vfprintf$1) refers to fputc.o(i.fputc) for fputc
    printf1.o(i.__0vprintf$1) refers to printf1.o(i._printf_core) for _printf_core
    printf1.o(i.__0vprintf$1) refers to fputc.o(i.fputc) for fputc
    printf1.o(i.__0vprintf$1) refers to stdout.o(.data) for __stdout
    printf1.o(i.__0vsnprintf$1) refers to printf1.o(i._printf_core) for _printf_core
    printf1.o(i.__0vsnprintf$1) refers to printf1.o(i._snputc) for _snputc
    printf1.o(i.__0vsprintf$1) refers to printf1.o(i._printf_core) for _printf_core
    printf1.o(i.__0vsprintf$1) refers to printf1.o(i._sputc) for _sputc
    printf1.o(i._printf_core) refers to uidiv.o(.text) for __aeabi_uidivmod
    printf2.o(i.__0fprintf$2) refers to printf2.o(i._printf_core) for _printf_core
    printf2.o(i.__0fprintf$2) refers to fputc.o(i.fputc) for fputc
    printf2.o(i.__0printf$2) refers to printf2.o(i._printf_core) for _printf_core
    printf2.o(i.__0printf$2) refers to fputc.o(i.fputc) for fputc
    printf2.o(i.__0printf$2) refers to stdout.o(.data) for __stdout
    printf2.o(i.__0snprintf$2) refers to printf2.o(i._printf_core) for _printf_core
    printf2.o(i.__0snprintf$2) refers to printf2.o(i._snputc) for _snputc
    printf2.o(i.__0sprintf$2) refers to printf2.o(i._printf_core) for _printf_core
    printf2.o(i.__0sprintf$2) refers to printf2.o(i._sputc) for _sputc
    printf2.o(i.__0vfprintf$2) refers to printf2.o(i._printf_core) for _printf_core
    printf2.o(i.__0vfprintf$2) refers to fputc.o(i.fputc) for fputc
    printf2.o(i.__0vprintf$2) refers to printf2.o(i._printf_core) for _printf_core
    printf2.o(i.__0vprintf$2) refers to fputc.o(i.fputc) for fputc
    printf2.o(i.__0vprintf$2) refers to stdout.o(.data) for __stdout
    printf2.o(i.__0vsnprintf$2) refers to printf2.o(i._printf_core) for _printf_core
    printf2.o(i.__0vsnprintf$2) refers to printf2.o(i._snputc) for _snputc
    printf2.o(i.__0vsprintf$2) refers to printf2.o(i._printf_core) for _printf_core
    printf2.o(i.__0vsprintf$2) refers to printf2.o(i._sputc) for _sputc
    printf3.o(i.__0fprintf$3) refers to printf3.o(i._printf_core) for _printf_core
    printf3.o(i.__0fprintf$3) refers to fputc.o(i.fputc) for fputc
    printf3.o(i.__0printf$3) refers to printf3.o(i._printf_core) for _printf_core
    printf3.o(i.__0printf$3) refers to fputc.o(i.fputc) for fputc
    printf3.o(i.__0printf$3) refers to stdout.o(.data) for __stdout
    printf3.o(i.__0snprintf$3) refers to printf3.o(i._printf_core) for _printf_core
    printf3.o(i.__0snprintf$3) refers to printf3.o(i._snputc) for _snputc
    printf3.o(i.__0sprintf$3) refers to printf3.o(i._printf_core) for _printf_core
    printf3.o(i.__0sprintf$3) refers to printf3.o(i._sputc) for _sputc
    printf3.o(i.__0vfprintf$3) refers to printf3.o(i._printf_core) for _printf_core
    printf3.o(i.__0vfprintf$3) refers to fputc.o(i.fputc) for fputc
    printf3.o(i.__0vprintf$3) refers to printf3.o(i._printf_core) for _printf_core
    printf3.o(i.__0vprintf$3) refers to fputc.o(i.fputc) for fputc
    printf3.o(i.__0vprintf$3) refers to stdout.o(.data) for __stdout
    printf3.o(i.__0vsnprintf$3) refers to printf3.o(i._printf_core) for _printf_core
    printf3.o(i.__0vsnprintf$3) refers to printf3.o(i._snputc) for _snputc
    printf3.o(i.__0vsprintf$3) refers to printf3.o(i._printf_core) for _printf_core
    printf3.o(i.__0vsprintf$3) refers to printf3.o(i._sputc) for _sputc
    printf3.o(i._printf_core) refers to uidiv.o(.text) for __aeabi_uidivmod
    printf4.o(i.__0fprintf$4) refers to printf4.o(i._printf_core) for _printf_core
    printf4.o(i.__0fprintf$4) refers to fputc.o(i.fputc) for fputc
    printf4.o(i.__0printf$4) refers to printf4.o(i._printf_core) for _printf_core
    printf4.o(i.__0printf$4) refers to fputc.o(i.fputc) for fputc
    printf4.o(i.__0printf$4) refers to stdout.o(.data) for __stdout
    printf4.o(i.__0snprintf$4) refers to printf4.o(i._printf_core) for _printf_core
    printf4.o(i.__0snprintf$4) refers to printf4.o(i._snputc) for _snputc
    printf4.o(i.__0sprintf$4) refers to printf4.o(i._printf_core) for _printf_core
    printf4.o(i.__0sprintf$4) refers to printf4.o(i._sputc) for _sputc
    printf4.o(i.__0vfprintf$4) refers to printf4.o(i._printf_core) for _printf_core
    printf4.o(i.__0vfprintf$4) refers to fputc.o(i.fputc) for fputc
    printf4.o(i.__0vprintf$4) refers to printf4.o(i._printf_core) for _printf_core
    printf4.o(i.__0vprintf$4) refers to fputc.o(i.fputc) for fputc
    printf4.o(i.__0vprintf$4) refers to stdout.o(.data) for __stdout
    printf4.o(i.__0vsnprintf$4) refers to printf4.o(i._printf_core) for _printf_core
    printf4.o(i.__0vsnprintf$4) refers to printf4.o(i._snputc) for _snputc
    printf4.o(i.__0vsprintf$4) refers to printf4.o(i._printf_core) for _printf_core
    printf4.o(i.__0vsprintf$4) refers to printf4.o(i._sputc) for _sputc
    printf4.o(i._printf_core) refers to uldiv.o(.text) for __aeabi_uldivmod
    printf5.o(i.__0fprintf$5) refers to printf5.o(i._printf_core) for _printf_core
    printf5.o(i.__0fprintf$5) refers to fputc.o(i.fputc) for fputc
    printf5.o(i.__0printf$5) refers to printf5.o(i._printf_core) for _printf_core
    printf5.o(i.__0printf$5) refers to fputc.o(i.fputc) for fputc
    printf5.o(i.__0printf$5) refers to stdout.o(.data) for __stdout
    printf5.o(i.__0snprintf$5) refers to printf5.o(i._printf_core) for _printf_core
    printf5.o(i.__0snprintf$5) refers to printf5.o(i._snputc) for _snputc
    printf5.o(i.__0sprintf$5) refers to printf5.o(i._printf_core) for _printf_core
    printf5.o(i.__0sprintf$5) refers to printf5.o(i._sputc) for _sputc
    printf5.o(i.__0vfprintf$5) refers to printf5.o(i._printf_core) for _printf_core
    printf5.o(i.__0vfprintf$5) refers to fputc.o(i.fputc) for fputc
    printf5.o(i.__0vprintf$5) refers to printf5.o(i._printf_core) for _printf_core
    printf5.o(i.__0vprintf$5) refers to fputc.o(i.fputc) for fputc
    printf5.o(i.__0vprintf$5) refers to stdout.o(.data) for __stdout
    printf5.o(i.__0vsnprintf$5) refers to printf5.o(i._printf_core) for _printf_core
    printf5.o(i.__0vsnprintf$5) refers to printf5.o(i._snputc) for _snputc
    printf5.o(i.__0vsprintf$5) refers to printf5.o(i._printf_core) for _printf_core
    printf5.o(i.__0vsprintf$5) refers to printf5.o(i._sputc) for _sputc
    printf5.o(i._printf_core) refers to uldiv.o(.text) for __aeabi_uldivmod
    printf6.o(i.__0fprintf$6) refers to printf6.o(i._printf_core) for _printf_core
    printf6.o(i.__0fprintf$6) refers to fputc.o(i.fputc) for fputc
    printf6.o(i.__0printf$6) refers to printf6.o(i._printf_core) for _printf_core
    printf6.o(i.__0printf$6) refers to fputc.o(i.fputc) for fputc
    printf6.o(i.__0printf$6) refers to stdout.o(.data) for __stdout
    printf6.o(i.__0snprintf$6) refers to printf6.o(i._printf_core) for _printf_core
    printf6.o(i.__0snprintf$6) refers to printf6.o(i._snputc) for _snputc
    printf6.o(i.__0sprintf$6) refers to printf6.o(i._printf_core) for _printf_core
    printf6.o(i.__0sprintf$6) refers to printf6.o(i._sputc) for _sputc
    printf6.o(i.__0vfprintf$6) refers to printf6.o(i._printf_core) for _printf_core
    printf6.o(i.__0vfprintf$6) refers to fputc.o(i.fputc) for fputc
    printf6.o(i.__0vprintf$6) refers to printf6.o(i._printf_core) for _printf_core
    printf6.o(i.__0vprintf$6) refers to fputc.o(i.fputc) for fputc
    printf6.o(i.__0vprintf$6) refers to stdout.o(.data) for __stdout
    printf6.o(i.__0vsnprintf$6) refers to printf6.o(i._printf_core) for _printf_core
    printf6.o(i.__0vsnprintf$6) refers to printf6.o(i._snputc) for _snputc
    printf6.o(i.__0vsprintf$6) refers to printf6.o(i._printf_core) for _printf_core
    printf6.o(i.__0vsprintf$6) refers to printf6.o(i._sputc) for _sputc
    printf6.o(i._printf_core) refers to printf6.o(i._printf_pre_padding) for _printf_pre_padding
    printf6.o(i._printf_core) refers to uidiv.o(.text) for __aeabi_uidivmod
    printf6.o(i._printf_core) refers to printf6.o(i._printf_post_padding) for _printf_post_padding
    printf7.o(i.__0fprintf$7) refers to printf7.o(i._printf_core) for _printf_core
    printf7.o(i.__0fprintf$7) refers to fputc.o(i.fputc) for fputc
    printf7.o(i.__0printf$7) refers to printf7.o(i._printf_core) for _printf_core
    printf7.o(i.__0printf$7) refers to fputc.o(i.fputc) for fputc
    printf7.o(i.__0printf$7) refers to stdout.o(.data) for __stdout
    printf7.o(i.__0snprintf$7) refers to printf7.o(i._printf_core) for _printf_core
    printf7.o(i.__0snprintf$7) refers to printf7.o(i._snputc) for _snputc
    printf7.o(i.__0sprintf$7) refers to printf7.o(i._printf_core) for _printf_core
    printf7.o(i.__0sprintf$7) refers to printf7.o(i._sputc) for _sputc
    printf7.o(i.__0vfprintf$7) refers to printf7.o(i._printf_core) for _printf_core
    printf7.o(i.__0vfprintf$7) refers to fputc.o(i.fputc) for fputc
    printf7.o(i.__0vprintf$7) refers to printf7.o(i._printf_core) for _printf_core
    printf7.o(i.__0vprintf$7) refers to fputc.o(i.fputc) for fputc
    printf7.o(i.__0vprintf$7) refers to stdout.o(.data) for __stdout
    printf7.o(i.__0vsnprintf$7) refers to printf7.o(i._printf_core) for _printf_core
    printf7.o(i.__0vsnprintf$7) refers to printf7.o(i._snputc) for _snputc
    printf7.o(i.__0vsprintf$7) refers to printf7.o(i._printf_core) for _printf_core
    printf7.o(i.__0vsprintf$7) refers to printf7.o(i._sputc) for _sputc
    printf7.o(i._printf_core) refers to printf7.o(i._printf_pre_padding) for _printf_pre_padding
    printf7.o(i._printf_core) refers to uldiv.o(.text) for __aeabi_uldivmod
    printf7.o(i._printf_core) refers to printf7.o(i._printf_post_padding) for _printf_post_padding
    printf8.o(i.__0fprintf$8) refers to printf8.o(i._printf_core) for _printf_core
    printf8.o(i.__0fprintf$8) refers to fputc.o(i.fputc) for fputc
    printf8.o(i.__0printf$8) refers to printf8.o(i._printf_core) for _printf_core
    printf8.o(i.__0printf$8) refers to fputc.o(i.fputc) for fputc
    printf8.o(i.__0printf$8) refers to stdout.o(.data) for __stdout
    printf8.o(i.__0snprintf$8) refers to printf8.o(i._printf_core) for _printf_core
    printf8.o(i.__0snprintf$8) refers to printf8.o(i._snputc) for _snputc
    printf8.o(i.__0sprintf$8) refers to printf8.o(i._printf_core) for _printf_core
    printf8.o(i.__0sprintf$8) refers to printf8.o(i._sputc) for _sputc
    printf8.o(i.__0vfprintf$8) refers to printf8.o(i._printf_core) for _printf_core
    printf8.o(i.__0vfprintf$8) refers to fputc.o(i.fputc) for fputc
    printf8.o(i.__0vprintf$8) refers to printf8.o(i._printf_core) for _printf_core
    printf8.o(i.__0vprintf$8) refers to fputc.o(i.fputc) for fputc
    printf8.o(i.__0vprintf$8) refers to stdout.o(.data) for __stdout
    printf8.o(i.__0vsnprintf$8) refers to printf8.o(i._printf_core) for _printf_core
    printf8.o(i.__0vsnprintf$8) refers to printf8.o(i._snputc) for _snputc
    printf8.o(i.__0vsprintf$8) refers to printf8.o(i._printf_core) for _printf_core
    printf8.o(i.__0vsprintf$8) refers to printf8.o(i._sputc) for _sputc
    printf8.o(i._printf_core) refers to printf8.o(i._printf_pre_padding) for _printf_pre_padding
    printf8.o(i._printf_core) refers to uldiv.o(.text) for __aeabi_uldivmod
    printf8.o(i._printf_core) refers to printf8.o(i._printf_post_padding) for _printf_post_padding
    printfa.o(i.__0fprintf) refers (Special) to iusefp.o(.text) for __I$use$fp
    printfa.o(i.__0fprintf) refers to printfa.o(i._printf_core) for _printf_core
    printfa.o(i.__0fprintf) refers to fputc.o(i.fputc) for fputc
    printfa.o(i.__0printf) refers (Special) to iusefp.o(.text) for __I$use$fp
    printfa.o(i.__0printf) refers to printfa.o(i._printf_core) for _printf_core
    printfa.o(i.__0printf) refers to fputc.o(i.fputc) for fputc
    printfa.o(i.__0printf) refers to stdout.o(.data) for __stdout
    printfa.o(i.__0snprintf) refers (Special) to iusefp.o(.text) for __I$use$fp
    printfa.o(i.__0snprintf) refers to printfa.o(i._printf_core) for _printf_core
    printfa.o(i.__0snprintf) refers to printfa.o(i._snputc) for _snputc
    printfa.o(i.__0sprintf) refers (Special) to iusefp.o(.text) for __I$use$fp
    printfa.o(i.__0sprintf) refers to printfa.o(i._printf_core) for _printf_core
    printfa.o(i.__0sprintf) refers to printfa.o(i._sputc) for _sputc
    printfa.o(i.__0vfprintf) refers (Special) to iusefp.o(.text) for __I$use$fp
    printfa.o(i.__0vfprintf) refers to printfa.o(i._printf_core) for _printf_core
    printfa.o(i.__0vfprintf) refers to fputc.o(i.fputc) for fputc
    printfa.o(i.__0vprintf) refers (Special) to iusefp.o(.text) for __I$use$fp
    printfa.o(i.__0vprintf) refers to printfa.o(i._printf_core) for _printf_core
    printfa.o(i.__0vprintf) refers to fputc.o(i.fputc) for fputc
    printfa.o(i.__0vprintf) refers to stdout.o(.data) for __stdout
    printfa.o(i.__0vsnprintf) refers (Special) to iusefp.o(.text) for __I$use$fp
    printfa.o(i.__0vsnprintf) refers to printfa.o(i._printf_core) for _printf_core
    printfa.o(i.__0vsnprintf) refers to printfa.o(i._snputc) for _snputc
    printfa.o(i.__0vsprintf) refers (Special) to iusefp.o(.text) for __I$use$fp
    printfa.o(i.__0vsprintf) refers to printfa.o(i._printf_core) for _printf_core
    printfa.o(i.__0vsprintf) refers to printfa.o(i._sputc) for _sputc
    printfa.o(i._fp_digits) refers (Special) to iusefp.o(.text) for __I$use$fp
    printfa.o(i._fp_digits) refers to dmul.o(.text) for __aeabi_dmul
    printfa.o(i._fp_digits) refers to ddiv.o(.text) for __aeabi_ddiv
    printfa.o(i._fp_digits) refers to cdrcmple.o(.text) for __aeabi_cdrcmple
    printfa.o(i._fp_digits) refers to dadd.o(.text) for __aeabi_dadd
    printfa.o(i._fp_digits) refers to dfixul.o(.text) for __aeabi_d2ulz
    printfa.o(i._fp_digits) refers to uldiv.o(.text) for __aeabi_uldivmod
    printfa.o(i._printf_core) refers (Special) to iusefp.o(.text) for __I$use$fp
    printfa.o(i._printf_core) refers to printfa.o(i._printf_pre_padding) for _printf_pre_padding
    printfa.o(i._printf_core) refers to uldiv.o(.text) for __aeabi_uldivmod
    printfa.o(i._printf_core) refers to printfa.o(i._printf_post_padding) for _printf_post_padding
    printfa.o(i._printf_core) refers to printfa.o(i._fp_digits) for _fp_digits
    printfa.o(i._printf_core) refers to uidiv.o(.text) for __aeabi_uidivmod
    printfa.o(i._printf_post_padding) refers (Special) to iusefp.o(.text) for __I$use$fp
    printfa.o(i._printf_pre_padding) refers (Special) to iusefp.o(.text) for __I$use$fp
    printfa.o(i._snputc) refers (Special) to iusefp.o(.text) for __I$use$fp
    printfa.o(i._sputc) refers (Special) to iusefp.o(.text) for __I$use$fp
    atoi.o(.text) refers to errno.o(i.__aeabi_errno_addr) for __aeabi_errno_addr
    atoi.o(.text) refers to strtol.o(.text) for strtol
    dmul.o(.text) refers (Special) to iusefp.o(.text) for __I$use$fp
    dmul.o(.text) refers to depilogue.o(.text) for _double_epilogue
    dflti.o(.text) refers (Special) to iusefp.o(.text) for __I$use$fp
    dflti.o(.text) refers to depilogue.o(.text) for _double_epilogue
    dfixi.o(.text) refers (Special) to iusefp.o(.text) for __I$use$fp
    dfixi.o(.text) refers to llushr.o(.text) for __aeabi_llsr
    f2d.o(.text) refers (Special) to iusefp.o(.text) for __I$use$fp
    d2f.o(.text) refers (Special) to iusefp.o(.text) for __I$use$fp
    d2f.o(.text) refers to fepilogue.o(.text) for _float_round
    dunder.o(i.__mathlib_dbl_divzero) refers to ddiv.o(.text) for __aeabi_ddiv
    dunder.o(i.__mathlib_dbl_infnan) refers to dadd.o(.text) for __aeabi_dadd
    dunder.o(i.__mathlib_dbl_infnan2) refers to dadd.o(.text) for __aeabi_dadd
    dunder.o(i.__mathlib_dbl_invalid) refers to ddiv.o(.text) for __aeabi_ddiv
    dunder.o(i.__mathlib_dbl_overflow) refers to dmul.o(.text) for __aeabi_dmul
    dunder.o(i.__mathlib_dbl_posinfnan) refers to dmul.o(.text) for __aeabi_dmul
    dunder.o(i.__mathlib_dbl_underflow) refers to dmul.o(.text) for __aeabi_dmul
    fabs.o(i.__hardfp_fabs) refers (Special) to iusefp.o(.text) for __I$use$fp
    fabs.o(i.__softfp_fabs) refers (Special) to iusefp.o(.text) for __I$use$fp
    fabs.o(i.fabs) refers (Special) to iusefp.o(.text) for __I$use$fp
    fpclassify.o(i.__ARM_fpclassify) refers (Special) to iusefp.o(.text) for __I$use$fp
    poly.o(i.__kernel_poly) refers (Special) to iusefp.o(.text) for __I$use$fp
    poly.o(i.__kernel_poly) refers to dmul.o(.text) for __aeabi_dmul
    poly.o(i.__kernel_poly) refers to dadd.o(.text) for __aeabi_dadd
    qnan.o(.constdata) refers (Special) to iusefp.o(.text) for __I$use$fp
    sqrt.o(i.__hardfp_sqrt) refers (Special) to iusefp.o(.text) for __I$use$fp
    sqrt.o(i.__hardfp_sqrt) refers to dsqrt.o(.text) for _dsqrt
    sqrt.o(i.__hardfp_sqrt) refers to errno.o(i.__set_errno) for __set_errno
    sqrt.o(i.__softfp_sqrt) refers (Special) to iusefp.o(.text) for __I$use$fp
    sqrt.o(i.__softfp_sqrt) refers to dsqrt.o(.text) for _dsqrt
    sqrt.o(i.__softfp_sqrt) refers to errno.o(i.__set_errno) for __set_errno
    sqrt.o(i.sqrt) refers (Special) to iusefp.o(.text) for __I$use$fp
    sqrt.o(i.sqrt) refers to dsqrt.o(.text) for _dsqrt
    sqrt.o(i.sqrt) refers to errno.o(i.__set_errno) for __set_errno
    sqrt_x.o(i.____hardfp_sqrt$lsc) refers (Special) to iusefp.o(.text) for __I$use$fp
    sqrt_x.o(i.____hardfp_sqrt$lsc) refers to cdcmple.o(.text) for __aeabi_cdcmple
    sqrt_x.o(i.____hardfp_sqrt$lsc) refers to errno.o(i.__set_errno) for __set_errno
    sqrt_x.o(i.____hardfp_sqrt$lsc) refers to dsqrt.o(.text) for _dsqrt
    sqrt_x.o(i.____softfp_sqrt$lsc) refers (Special) to iusefp.o(.text) for __I$use$fp
    sqrt_x.o(i.____softfp_sqrt$lsc) refers to cdcmple.o(.text) for __aeabi_cdcmple
    sqrt_x.o(i.____softfp_sqrt$lsc) refers to errno.o(i.__set_errno) for __set_errno
    sqrt_x.o(i.____softfp_sqrt$lsc) refers to dsqrt.o(.text) for _dsqrt
    sqrt_x.o(i.__sqrt$lsc) refers (Special) to iusefp.o(.text) for __I$use$fp
    sqrt_x.o(i.__sqrt$lsc) refers to cdcmple.o(.text) for __aeabi_cdcmple
    sqrt_x.o(i.__sqrt$lsc) refers to errno.o(i.__set_errno) for __set_errno
    sqrt_x.o(i.__sqrt$lsc) refers to dsqrt.o(.text) for _dsqrt
    entry2.o(.ARM.Collect$$$$00000001) refers to entry2.o(.ARM.Collect$$$$00002712) for __lit__00000000
    entry2.o(.ARM.Collect$$$$00002712) refers to startup_tm4c123.o(STACK) for __initial_sp
    entry2.o(__vectab_stack_and_reset_area) refers to startup_tm4c123.o(STACK) for __initial_sp
    entry2.o(__vectab_stack_and_reset_area) refers to entry.o(.ARM.Collect$$$$00000000) for __main
    entry5.o(.ARM.Collect$$$$00000004) refers to init.o(.text) for __scatterload
    entry9a.o(.ARM.Collect$$$$0000000B) refers to main.o(i.main) for main
    entry9b.o(.ARM.Collect$$$$0000000C) refers to main.o(i.main) for main
    fputc.o(i.fputc) refers (Special) to iusesemip.o(.text) for __I$use$semihosting$fputc
    fputc.o(i.fputc) refers (Special) to semi.o(.text) for __semihosting_library_function
    uldiv.o(.text) refers to llushr.o(.text) for __aeabi_llsr
    uldiv.o(.text) refers to llshl.o(.text) for __aeabi_llsl
    errno.o(i.__aeabi_errno_addr) refers to errno.o(.data) for .data
    errno.o(i.__read_errno) refers to errno.o(.data) for .data
    errno.o(i.__set_errno) refers to errno.o(.data) for .data
    strtod.o(.text) refers to scanf_fp.o(.text) for _scanf_real
    strtod.o(.text) refers to _sgetc.o(.text) for _sgetc
    strtod.o(.text) refers to isspace_o.o(.text) for isspace
    strtol.o(.text) refers to ctype_o.o(.text) for __rt_ctype_table
    strtol.o(.text) refers to _strtoul.o(.text) for _strtoul
    strtol.o(.text) refers to errno.o(i.__aeabi_errno_addr) for __aeabi_errno_addr
    depilogue.o(.text) refers to llshl.o(.text) for __aeabi_llsl
    depilogue.o(.text) refers to llushr.o(.text) for __aeabi_llsr
    dadd.o(.text) refers to llshl.o(.text) for __aeabi_llsl
    dadd.o(.text) refers to llsshr.o(.text) for __aeabi_lasr
    dadd.o(.text) refers to depilogue.o(.text) for _double_epilogue
    ddiv.o(.text) refers to depilogue.o(.text) for _double_round
    dfixul.o(.text) refers to llushr.o(.text) for __aeabi_llsr
    dfixul.o(.text) refers to llshl.o(.text) for __aeabi_llsl
    init.o(.text) refers to entry5.o(.ARM.Collect$$$$00000004) for __main_after_scatterload
    isspace_c.o(.text) refers to ctype_c.o(.text) for __ctype_lookup
    ctype_o.o(.text) refers to ctype_o.o(.constdata) for .constdata
    ctype_o.o(.constdata) refers to ctype_o.o(.constdata) for __ctype_table
    isalnum_o.o(.text) refers to ctype_o.o(.text) for __rt_ctype_table
    isalpha_o.o(.text) refers to ctype_o.o(.text) for __rt_ctype_table
    isblank_o.o(.text) refers to ctype_o.o(.constdata) for __ctype_table
    iscntrl_o.o(.text) refers to ctype_o.o(.text) for __rt_ctype_table
    isdigit_o.o(.text) refers to ctype_o.o(.text) for __rt_ctype_table
    isgraph_o.o(.text) refers to ctype_o.o(.text) for __rt_ctype_table
    islower_o.o(.text) refers to ctype_o.o(.text) for __rt_ctype_table
    isprint_o.o(.text) refers to ctype_o.o(.text) for __rt_ctype_table
    ispunct_o.o(.text) refers to ctype_o.o(.text) for __rt_ctype_table
    isspace_o.o(.text) refers to ctype_o.o(.text) for __rt_ctype_table
    isupper_o.o(.text) refers to ctype_o.o(.text) for __rt_ctype_table
    isxdigit_o.o(.text) refers to ctype_o.o(.text) for __rt_ctype_table
    scanf_fp.o(.text) refers (Special) to iusefp.o(.text) for __I$use$fp
    scanf_fp.o(.text) refers to dfltul.o(.text) for __aeabi_ul2d
    scanf_fp.o(.text) refers to dmul.o(.text) for __aeabi_dmul
    scanf_fp.o(.text) refers to ddiv.o(.text) for __aeabi_ddiv
    scanf_fp.o(.text) refers to scanf_fp.o(i._is_digit) for _is_digit
    scanf_fp.o(.text) refers to d2f.o(.text) for __aeabi_d2f
    _strtoul.o(.text) refers to _chval.o(.text) for _chval
    _strtoul.o(.text) refers to errno.o(i.__aeabi_errno_addr) for __aeabi_errno_addr
    dsqrt.o(.text) refers to llushr.o(.text) for __aeabi_llsr
    dsqrt.o(.text) refers to depilogue.o(.text) for _double_round
    ctype_c.o(.text) refers to ctype_c.o(.constdata) for .constdata
    dfltul.o(.text) refers to depilogue.o(.text) for _double_epilogue
    scanf_fp.o(i._is_digit) refers (Special) to iusefp.o(.text) for __I$use$fp


==============================================================================

Removing Unused input sections from the image.

    Removing startup_tm4c123.o(HEAP), (0 bytes).
    Removing system_tm4c123.o(.rev16_text), (4 bytes).
    Removing system_tm4c123.o(.revsh_text), (4 bytes).
    Removing system_tm4c123.o(.rrx_text), (6 bytes).
    Removing system_tm4c123.o(i.SystemCoreClockUpdate), (196 bytes).
    Removing system_tm4c123.o(i.getOscClk), (244 bytes).
    Removing system_tm4c123.o(.data), (4 bytes).
    Removing dneg.o(.text), (6 bytes).
    Removing cdcmple.o(.text), (48 bytes).

9 unused section(s) (total 512 bytes) removed from the image.

==============================================================================

Image Symbol Table

    Local Symbols

    Symbol Name                              Value     Ov Type        Size  Object(Section)

    RESET                                    0x00000000   Section      620  startup_tm4c123.o(RESET)
    ../clib/microlib/ctype/ctype.c           0x00000000   Number         0  isspace_o.o ABSOLUTE
    ../clib/microlib/ctype/ctype.c           0x00000000   Number         0  iscntrl_o.o ABSOLUTE
    ../clib/microlib/ctype/ctype.c           0x00000000   Number         0  isblank_o.o ABSOLUTE
    ../clib/microlib/ctype/ctype.c           0x00000000   Number         0  isalnum_o.o ABSOLUTE
    ../clib/microlib/ctype/ctype.c           0x00000000   Number         0  isalpha_o.o ABSOLUTE
    ../clib/microlib/ctype/ctype.c           0x00000000   Number         0  ctype_o.o ABSOLUTE
    ../clib/microlib/ctype/ctype.c           0x00000000   Number         0  islower_o.o ABSOLUTE
    ../clib/microlib/ctype/ctype.c           0x00000000   Number         0  isspace_c.o ABSOLUTE
    ../clib/microlib/ctype/ctype.c           0x00000000   Number         0  isxdigit_o.o ABSOLUTE
    ../clib/microlib/ctype/ctype.c           0x00000000   Number         0  isupper_o.o ABSOLUTE
    ../clib/microlib/ctype/ctype.c           0x00000000   Number         0  ispunct_o.o ABSOLUTE
    ../clib/microlib/ctype/ctype.c           0x00000000   Number         0  isprint_o.o ABSOLUTE
    ../clib/microlib/ctype/ctype.c           0x00000000   Number         0  isgraph_o.o ABSOLUTE
    ../clib/microlib/ctype/ctype.c           0x00000000   Number         0  isdigit_o.o ABSOLUTE
    ../clib/microlib/ctype/ctype.c           0x00000000   Number         0  ctype_c.o ABSOLUTE
    ../clib/microlib/division.c              0x00000000   Number         0  uidiv.o ABSOLUTE
    ../clib/microlib/division.c              0x00000000   Number         0  uldiv.o ABSOLUTE
    ../clib/microlib/errno.c                 0x00000000   Number         0  errno.o ABSOLUTE
    ../clib/microlib/init/entry.s            0x00000000   Number         0  entry11b.o ABSOLUTE
    ../clib/microlib/init/entry.s            0x00000000   Number         0  entry7b.o ABSOLUTE
    ../clib/microlib/init/entry.s            0x00000000   Number         0  entry7a.o ABSOLUTE
    ../clib/microlib/init/entry.s            0x00000000   Number         0  entry5.o ABSOLUTE
    ../clib/microlib/init/entry.s            0x00000000   Number         0  entry2.o ABSOLUTE
    ../clib/microlib/init/entry.s            0x00000000   Number         0  entry12b.o ABSOLUTE
    ../clib/microlib/init/entry.s            0x00000000   Number         0  entry12a.o ABSOLUTE
    ../clib/microlib/init/entry.s            0x00000000   Number         0  entry.o ABSOLUTE
    ../clib/microlib/init/entry.s            0x00000000   Number         0  entry9a.o ABSOLUTE
    ../clib/microlib/init/entry.s            0x00000000   Number         0  entry8a.o ABSOLUTE
    ../clib/microlib/init/entry.s            0x00000000   Number         0  entry8b.o ABSOLUTE
    ../clib/microlib/init/entry.s            0x00000000   Number         0  entry10a.o ABSOLUTE
    ../clib/microlib/init/entry.s            0x00000000   Number         0  entry10b.o ABSOLUTE
    ../clib/microlib/init/entry.s            0x00000000   Number         0  entry9b.o ABSOLUTE
    ../clib/microlib/init/entry.s            0x00000000   Number         0  entry11a.o ABSOLUTE
    ../clib/microlib/longlong.c              0x00000000   Number         0  llsshr.o ABSOLUTE
    ../clib/microlib/longlong.c              0x00000000   Number         0  llshl.o ABSOLUTE
    ../clib/microlib/longlong.c              0x00000000   Number         0  llushr.o ABSOLUTE
    ../clib/microlib/printf/printf.c         0x00000000   Number         0  printf8.o ABSOLUTE
    ../clib/microlib/printf/printf.c         0x00000000   Number         0  printfa.o ABSOLUTE
    ../clib/microlib/printf/printf.c         0x00000000   Number         0  printf4.o ABSOLUTE
    ../clib/microlib/printf/printf.c         0x00000000   Number         0  printfb.o ABSOLUTE
    ../clib/microlib/printf/printf.c         0x00000000   Number         0  printf0.o ABSOLUTE
    ../clib/microlib/printf/printf.c         0x00000000   Number         0  printf1.o ABSOLUTE
    ../clib/microlib/printf/printf.c         0x00000000   Number         0  printf2.o ABSOLUTE
    ../clib/microlib/printf/printf.c         0x00000000   Number         0  printf3.o ABSOLUTE
    ../clib/microlib/printf/printf.c         0x00000000   Number         0  printf5.o ABSOLUTE
    ../clib/microlib/printf/printf.c         0x00000000   Number         0  printf6.o ABSOLUTE
    ../clib/microlib/printf/printf.c         0x00000000   Number         0  printf7.o ABSOLUTE
    ../clib/microlib/printf/stubs.s          0x00000000   Number         0  stubs.o ABSOLUTE
    ../clib/microlib/stdio/fputc.c           0x00000000   Number         0  fputc.o ABSOLUTE
    ../clib/microlib/stdio/semi.s            0x00000000   Number         0  semi.o ABSOLUTE
    ../clib/microlib/stdio/streams.c         0x00000000   Number         0  stdout.o ABSOLUTE
    ../clib/microlib/string/memset.c         0x00000000   Number         0  memseta.o ABSOLUTE
    ../clib/microlib/string/strcat.c         0x00000000   Number         0  strcat.o ABSOLUTE
    ../clib/microlib/string/strcpy.c         0x00000000   Number         0  strcpy.o ABSOLUTE
    ../clib/microlib/string/strlen.c         0x00000000   Number         0  strlen.o ABSOLUTE
    ../clib/microlib/stubs.s                 0x00000000   Number         0  iusesemip.o ABSOLUTE
    ../clib/microlib/stubs.s                 0x00000000   Number         0  iusefp.o ABSOLUTE
    ../clib/scanf.c                          0x00000000   Number         0  _sgetc.o ABSOLUTE
    ../clib/scanf.c                          0x00000000   Number         0  scanf_fp.o ABSOLUTE
    ../clib/scanf.c                          0x00000000   Number         0  _chval.o ABSOLUTE
    ../clib/scanf.c                          0x00000000   Number         0  strtod.o ABSOLUTE
    ../clib/scanf.c                          0x00000000   Number         0  _strtoul.o ABSOLUTE
    ../clib/scanf.c                          0x00000000   Number         0  strtol.o ABSOLUTE
    ../clib/scanf.c                          0x00000000   Number         0  atoi.o ABSOLUTE
    ../fplib/microlib/d2f.c                  0x00000000   Number         0  d2f.o ABSOLUTE
    ../fplib/microlib/f2d.c                  0x00000000   Number         0  f2d.o ABSOLUTE
    ../fplib/microlib/fpadd.c                0x00000000   Number         0  dadd.o ABSOLUTE
    ../fplib/microlib/fpdiv.c                0x00000000   Number         0  ddiv.o ABSOLUTE
    ../fplib/microlib/fpepilogue.c           0x00000000   Number         0  fepilogue.o ABSOLUTE
    ../fplib/microlib/fpepilogue.c           0x00000000   Number         0  depilogue.o ABSOLUTE
    ../fplib/microlib/fpfix.c                0x00000000   Number         0  dfixi.o ABSOLUTE
    ../fplib/microlib/fpfix.c                0x00000000   Number         0  dfixul.o ABSOLUTE
    ../fplib/microlib/fpflt.c                0x00000000   Number         0  dfltul.o ABSOLUTE
    ../fplib/microlib/fpflt.c                0x00000000   Number         0  dflti.o ABSOLUTE
    ../fplib/microlib/fpmul.c                0x00000000   Number         0  dmul.o ABSOLUTE
    ../fplib/microlib/fpneg.c                0x00000000   Number         0  dneg.o ABSOLUTE
    ../fplib/microlib/fpscalb.c              0x00000000   Number         0  dscalb.o ABSOLUTE
    ../fplib/microlib/fpsqrt.c               0x00000000   Number         0  dsqrt.o ABSOLUTE
    ../mathlib/atof.c                        0x00000000   Number         0  atof.o ABSOLUTE
    ../mathlib/dunder.c                      0x00000000   Number         0  dunder.o ABSOLUTE
    ../mathlib/fabs.c                        0x00000000   Number         0  fabs.o ABSOLUTE
    ../mathlib/fpclassify.c                  0x00000000   Number         0  fpclassify.o ABSOLUTE
    ../mathlib/poly.c                        0x00000000   Number         0  poly.o ABSOLUTE
    ../mathlib/pow.c                         0x00000000   Number         0  pow_x.o ABSOLUTE
    ../mathlib/pow.c                         0x00000000   Number         0  pow.o ABSOLUTE
    ../mathlib/qnan.c                        0x00000000   Number         0  qnan.o ABSOLUTE
    ../mathlib/sqrt.c                        0x00000000   Number         0  sqrt.o ABSOLUTE
    ../mathlib/sqrt.c                        0x00000000   Number         0  sqrt_x.o ABSOLUTE
    LCD.c                                    0x00000000   Number         0  lcd.o ABSOLUTE
    RTE\Device\TM4C123GH6PM\startup_TM4C123.s 0x00000000   Number         0  startup_tm4c123.o ABSOLUTE
    RTE\Device\TM4C123GH6PM\system_TM4C123.c 0x00000000   Number         0  system_tm4c123.o ABSOLUTE
    RTE\\Device\\TM4C123GH6PM\\system_TM4C123.c 0x00000000   Number         0  system_tm4c123.o ABSOLUTE
    cdcmple.s                                0x00000000   Number         0  cdcmple.o ABSOLUTE
    cdrcmple.s                               0x00000000   Number         0  cdrcmple.o ABSOLUTE
    dc.s                                     0x00000000   Number         0  dc.o ABSOLUTE
    delay.c                                  0x00000000   Number         0  delay.o ABSOLUTE
    handlers.s                               0x00000000   Number         0  handlers.o ABSOLUTE
    init.s                                   0x00000000   Number         0  init.o ABSOLUTE
    keypad.c                                 0x00000000   Number         0  keypad.o ABSOLUTE
    main.c                                   0x00000000   Number         0  main.o ABSOLUTE
    .ARM.Collect$$$$00000000                 0x0000026c   Section        0  entry.o(.ARM.Collect$$$$00000000)
    .ARM.Collect$$$$00000001                 0x0000026c   Section        4  entry2.o(.ARM.Collect$$$$00000001)
    .ARM.Collect$$$$00000004                 0x00000270   Section        4  entry5.o(.ARM.Collect$$$$00000004)
    .ARM.Collect$$$$00000008                 0x00000274   Section        0  entry7b.o(.ARM.Collect$$$$00000008)
    .ARM.Collect$$$$0000000A                 0x00000274   Section        0  entry8b.o(.ARM.Collect$$$$0000000A)
    .ARM.Collect$$$$0000000B                 0x00000274   Section        8  entry9a.o(.ARM.Collect$$$$0000000B)
    .ARM.Collect$$$$0000000E                 0x0000027c   Section        4  entry12b.o(.ARM.Collect$$$$0000000E)
    .ARM.Collect$$$$0000000F                 0x00000280   Section        0  entry10a.o(.ARM.Collect$$$$0000000F)
    .ARM.Collect$$$$00000011                 0x00000280   Section        0  entry11a.o(.ARM.Collect$$$$00000011)
    .ARM.Collect$$$$00002712                 0x00000280   Section        4  entry2.o(.ARM.Collect$$$$00002712)
    __lit__00000000                          0x00000280   Data           4  entry2.o(.ARM.Collect$$$$00002712)
    .text                                    0x00000284   Section      252  startup_tm4c123.o(.text)
    $v0                                      0x00000284   Number         0  startup_tm4c123.o(.text)
    .text                                    0x00000380   Section        0  memseta.o(.text)
    .text                                    0x000003a4   Section        0  strcat.o(.text)
    .text                                    0x000003bc   Section        0  strlen.o(.text)
    .text                                    0x000003ca   Section        0  strcpy.o(.text)
    .text                                    0x000003dc   Section        0  atoi.o(.text)
    .text                                    0x000003f6   Section        0  dmul.o(.text)
    .text                                    0x000004da   Section        0  dflti.o(.text)
    .text                                    0x000004fc   Section        0  dfixi.o(.text)
    .text                                    0x0000053a   Section        0  f2d.o(.text)
    .text                                    0x00000560   Section        0  d2f.o(.text)
    .text                                    0x00000598   Section        0  uidiv.o(.text)
    .text                                    0x000005c4   Section        0  uldiv.o(.text)
    .text                                    0x00000626   Section        0  llushr.o(.text)
    .text                                    0x00000648   Section        0  strtod.o(.text)
    _local_sscanf                            0x00000649   Thumb Code    54  strtod.o(.text)
    .text                                    0x000006e4   Section        0  strtol.o(.text)
    .text                                    0x00000754   Section        0  iusefp.o(.text)
    .text                                    0x00000754   Section        0  fepilogue.o(.text)
    .text                                    0x000007c2   Section        0  depilogue.o(.text)
    .text                                    0x0000087c   Section        0  dadd.o(.text)
    .text                                    0x000009ca   Section        0  ddiv.o(.text)
    .text                                    0x00000aa8   Section        0  dscalb.o(.text)
    .text                                    0x00000ad6   Section        0  dfixul.o(.text)
    .text                                    0x00000b08   Section       48  cdrcmple.o(.text)
    .text                                    0x00000b38   Section       36  init.o(.text)
    .text                                    0x00000b5c   Section        0  llshl.o(.text)
    .text                                    0x00000b7a   Section        0  llsshr.o(.text)
    .text                                    0x00000ba0   Section        0  ctype_o.o(.text)
    .text                                    0x00000ba8   Section        0  isspace_o.o(.text)
    .text                                    0x00000bbc   Section        0  scanf_fp.o(.text)
    _fp_value                                0x00000bbd   Thumb Code   296  scanf_fp.o(.text)
    .text                                    0x00000f1c   Section        0  _sgetc.o(.text)
    .text                                    0x00000f5c   Section        0  _strtoul.o(.text)
    .text                                    0x00000ffa   Section        0  dsqrt.o(.text)
    .text                                    0x0000109c   Section        0  _chval.o(.text)
    .text                                    0x000010b8   Section        0  dfltul.o(.text)
    i.Calculate                              0x000010d0   Section        0  main.o(i.Calculate)
    i.Delay_Init                             0x00001b00   Section        0  delay.o(i.Delay_Init)
    i.Delay_Us                               0x00001b88   Section        0  delay.o(i.Delay_Us)
    i.Delay_ms                               0x00001ba8   Section        0  delay.o(i.Delay_ms)
    i.Initialize                             0x00001bce   Section        0  main.o(i.Initialize)
    i.Keypad_Init                            0x00001be8   Section        0  keypad.o(i.Keypad_Init)
    i.Keypad_Read                            0x00001cd4   Section        0  keypad.o(i.Keypad_Read)
    i.LCD_Clear_Screen                       0x00001df4   Section        0  lcd.o(i.LCD_Clear_Screen)
    i.LCD_Command_Init                       0x00001e1c   Section        0  lcd.o(i.LCD_Command_Init)
    i.LCD_Data                               0x00001e68   Section        0  lcd.o(i.LCD_Data)
    i.LCD_Init                               0x00001eb4   Section        0  lcd.o(i.LCD_Init)
    i.LCD_Port_Init                          0x00001f1c   Section        0  lcd.o(i.LCD_Port_Init)
    i.LCD_Write_String                       0x00001fe8   Section        0  lcd.o(i.LCD_Write_String)
    i.Rec_Char                               0x00002000   Section        0  main.o(i.Rec_Char)
    i.Rec_Number                             0x000020ac   Section        0  main.o(i.Rec_Number)
    i.SystemInit                             0x0000210c   Section        0  system_tm4c123.o(i.SystemInit)
    i.__0sprintf                             0x000021a4   Section        0  printfa.o(i.__0sprintf)
    i.__ARM_fpclassify                       0x000021cc   Section        0  fpclassify.o(i.__ARM_fpclassify)
    i.__aeabi_errno_addr                     0x000021fc   Section        0  errno.o(i.__aeabi_errno_addr)
    i.__hardfp_atof                          0x00002208   Section        0  atof.o(i.__hardfp_atof)
    i.__hardfp_pow                           0x00002240   Section        0  pow.o(i.__hardfp_pow)
    i.__kernel_poly                          0x00002e90   Section        0  poly.o(i.__kernel_poly)
    i.__mathlib_dbl_divzero                  0x00002f88   Section        0  dunder.o(i.__mathlib_dbl_divzero)
    i.__mathlib_dbl_infnan2                  0x00002fb8   Section        0  dunder.o(i.__mathlib_dbl_infnan2)
    i.__mathlib_dbl_invalid                  0x00002fd0   Section        0  dunder.o(i.__mathlib_dbl_invalid)
    i.__mathlib_dbl_overflow                 0x00002ff0   Section        0  dunder.o(i.__mathlib_dbl_overflow)
    i.__mathlib_dbl_underflow                0x00003010   Section        0  dunder.o(i.__mathlib_dbl_underflow)
    i.__read_errno                           0x00003030   Section        0  errno.o(i.__read_errno)
    i.__scatterload_copy                     0x0000303c   Section       14  handlers.o(i.__scatterload_copy)
    i.__scatterload_null                     0x0000304a   Section        2  handlers.o(i.__scatterload_null)
    i.__scatterload_zeroinit                 0x0000304c   Section       14  handlers.o(i.__scatterload_zeroinit)
    i.__set_errno                            0x0000305c   Section        0  errno.o(i.__set_errno)
    i._fp_digits                             0x00003068   Section        0  printfa.o(i._fp_digits)
    _fp_digits                               0x00003069   Thumb Code   366  printfa.o(i._fp_digits)
    i._is_digit                              0x000031ec   Section        0  scanf_fp.o(i._is_digit)
    i._printf_core                           0x000031fc   Section        0  printfa.o(i._printf_core)
    _printf_core                             0x000031fd   Thumb Code  1704  printfa.o(i._printf_core)
    i._printf_post_padding                   0x000038b0   Section        0  printfa.o(i._printf_post_padding)
    _printf_post_padding                     0x000038b1   Thumb Code    36  printfa.o(i._printf_post_padding)
    i._printf_pre_padding                    0x000038d4   Section        0  printfa.o(i._printf_pre_padding)
    _printf_pre_padding                      0x000038d5   Thumb Code    46  printfa.o(i._printf_pre_padding)
    i._sputc                                 0x00003902   Section        0  printfa.o(i._sputc)
    _sputc                                   0x00003903   Thumb Code    10  printfa.o(i._sputc)
    i.fabs                                   0x0000390c   Section        0  fabs.o(i.fabs)
    i.lcdENPulse                             0x00003924   Section        0  lcd.o(i.lcdENPulse)
    i.lcdGoto                                0x00003950   Section        0  lcd.o(i.lcdGoto)
    i.lcd_Command                            0x00003964   Section        0  lcd.o(i.lcd_Command)
    i.main                                   0x000039a4   Section        0  main.o(i.main)
    i.password                               0x00003b8c   Section        0  main.o(i.password)
    i.sqrt                                   0x00003cdc   Section        0  sqrt.o(i.sqrt)
    .constdata                               0x00003d4c   Section       16  keypad.o(.constdata)
    .constdata                               0x00003d60   Section      136  pow.o(.constdata)
    bp                                       0x00003d60   Data          16  pow.o(.constdata)
    dp_h                                     0x00003d70   Data          16  pow.o(.constdata)
    dp_l                                     0x00003d80   Data          16  pow.o(.constdata)
    L                                        0x00003d90   Data          48  pow.o(.constdata)
    P                                        0x00003dc0   Data          40  pow.o(.constdata)
    .constdata                               0x00003de8   Section        8  qnan.o(.constdata)
    .constdata                               0x00003df0   Section      129  ctype_o.o(.constdata)
    .constdata                               0x00003e74   Section        4  ctype_o.o(.constdata)
    table                                    0x00003e74   Data           4  ctype_o.o(.constdata)
    .data                                    0x20000000   Section       56  main.o(.data)
    .data                                    0x20000038   Section        4  errno.o(.data)
    _errno                                   0x20000038   Data           4  errno.o(.data)
    .bss                                     0x2000003c   Section      240  main.o(.bss)
    STACK                                    0x20000130   Section      512  startup_tm4c123.o(STACK)

    Global Symbols

    Symbol Name                              Value     Ov Type        Size  Object(Section)

    BuildAttributes$$THM_ISAv4$E$P$D$K$B$S$7EM$VFPi3$EXTD16$VFPS$VFMA$PE$A:L22UL41UL21$X:L11$S22US41US21$IEEE1$IW$USESV6$~STKCKD$USESV7$~SHL$OTIME$ROPI$IEEEX$EBA8$MICROLIB$REQ8$PRES8$EABIv2 0x00000000   Number         0  anon$$obj.o ABSOLUTE
    __ARM_use_no_argv                        0x00000000   Number         0  main.o ABSOLUTE
    __Vectors                                0x00000000   Data           4  startup_tm4c123.o(RESET)
    _printf_a                                0x00000000   Number         0  stubs.o ABSOLUTE
    _printf_c                                0x00000000   Number         0  stubs.o ABSOLUTE
    _printf_charcount                        0x00000000   Number         0  stubs.o ABSOLUTE
    _printf_d                                0x00000000   Number         0  stubs.o ABSOLUTE
    _printf_e                                0x00000000   Number         0  stubs.o ABSOLUTE
    _printf_f                                0x00000000   Number         0  stubs.o ABSOLUTE
    _printf_flags                            0x00000000   Number         0  stubs.o ABSOLUTE
    _printf_fp_dec                           0x00000000   Number         0  stubs.o ABSOLUTE
    _printf_fp_hex                           0x00000000   Number         0  stubs.o ABSOLUTE
    _printf_g                                0x00000000   Number         0  stubs.o ABSOLUTE
    _printf_i                                0x00000000   Number         0  stubs.o ABSOLUTE
    _printf_int_dec                          0x00000000   Number         0  stubs.o ABSOLUTE
    _printf_l                                0x00000000   Number         0  stubs.o ABSOLUTE
    _printf_lc                               0x00000000   Number         0  stubs.o ABSOLUTE
    _printf_ll                               0x00000000   Number         0  stubs.o ABSOLUTE
    _printf_lld                              0x00000000   Number         0  stubs.o ABSOLUTE
    _printf_lli                              0x00000000   Number         0  stubs.o ABSOLUTE
    _printf_llo                              0x00000000   Number         0  stubs.o ABSOLUTE
    _printf_llu                              0x00000000   Number         0  stubs.o ABSOLUTE
    _printf_llx                              0x00000000   Number         0  stubs.o ABSOLUTE
    _printf_longlong_dec                     0x00000000   Number         0  stubs.o ABSOLUTE
    _printf_longlong_hex                     0x00000000   Number         0  stubs.o ABSOLUTE
    _printf_longlong_oct                     0x00000000   Number         0  stubs.o ABSOLUTE
    _printf_ls                               0x00000000   Number         0  stubs.o ABSOLUTE
    _printf_mbtowc                           0x00000000   Number         0  stubs.o ABSOLUTE
    _printf_n                                0x00000000   Number         0  stubs.o ABSOLUTE
    _printf_o                                0x00000000   Number         0  stubs.o ABSOLUTE
    _printf_p                                0x00000000   Number         0  stubs.o ABSOLUTE
    _printf_percent                          0x00000000   Number         0  stubs.o ABSOLUTE
    _printf_pre_padding                      0x00000000   Number         0  stubs.o ABSOLUTE
    _printf_return_value                     0x00000000   Number         0  stubs.o ABSOLUTE
    _printf_s                                0x00000000   Number         0  stubs.o ABSOLUTE
    _printf_sizespec                         0x00000000   Number         0  stubs.o ABSOLUTE
    _printf_str                              0x00000000   Number         0  stubs.o ABSOLUTE
    _printf_truncate_signed                  0x00000000   Number         0  stubs.o ABSOLUTE
    _printf_truncate_unsigned                0x00000000   Number         0  stubs.o ABSOLUTE
    _printf_u                                0x00000000   Number         0  stubs.o ABSOLUTE
    _printf_wc                               0x00000000   Number         0  stubs.o ABSOLUTE
    _printf_wctomb                           0x00000000   Number         0  stubs.o ABSOLUTE
    _printf_widthprec                        0x00000000   Number         0  stubs.o ABSOLUTE
    _printf_x                                0x00000000   Number         0  stubs.o ABSOLUTE
    __arm_fini_                               - Undefined Weak Reference
    __cpp_initialize__aeabi_                  - Undefined Weak Reference
    __cxa_finalize                            - Undefined Weak Reference
    __decompress                              - Undefined Weak Reference
    _clock_init                               - Undefined Weak Reference
    _microlib_exit                            - Undefined Weak Reference
    __Vectors_End                            0x0000026c   Data           0  startup_tm4c123.o(RESET)
    __Vectors_Size                           0x0000026c   Number         0  startup_tm4c123.o ABSOLUTE
    __main                                   0x0000026d   Thumb Code     0  entry.o(.ARM.Collect$$$$00000000)
    _main_stk                                0x0000026d   Thumb Code     0  entry2.o(.ARM.Collect$$$$00000001)
    _main_scatterload                        0x00000271   Thumb Code     0  entry5.o(.ARM.Collect$$$$00000004)
    __main_after_scatterload                 0x00000275   Thumb Code     0  entry5.o(.ARM.Collect$$$$00000004)
    _main_clock                              0x00000275   Thumb Code     0  entry7b.o(.ARM.Collect$$$$00000008)
    _main_cpp_init                           0x00000275   Thumb Code     0  entry8b.o(.ARM.Collect$$$$0000000A)
    _main_init                               0x00000275   Thumb Code     0  entry9a.o(.ARM.Collect$$$$0000000B)
    __rt_lib_shutdown_fini                   0x0000027d   Thumb Code     0  entry12b.o(.ARM.Collect$$$$0000000E)
    __rt_final_cpp                           0x00000281   Thumb Code     0  entry10a.o(.ARM.Collect$$$$0000000F)
    __rt_final_exit                          0x00000281   Thumb Code     0  entry11a.o(.ARM.Collect$$$$00000011)
    Reset_Handler                            0x00000285   Thumb Code     8  startup_tm4c123.o(.text)
    NMI_Handler                              0x0000028d   Thumb Code     2  startup_tm4c123.o(.text)
    HardFault_Handler                        0x0000028f   Thumb Code     2  startup_tm4c123.o(.text)
    MemManage_Handler                        0x00000291   Thumb Code     2  startup_tm4c123.o(.text)
    BusFault_Handler                         0x00000293   Thumb Code     2  startup_tm4c123.o(.text)
    UsageFault_Handler                       0x00000295   Thumb Code     2  startup_tm4c123.o(.text)
    SVC_Handler                              0x00000297   Thumb Code     2  startup_tm4c123.o(.text)
    DebugMon_Handler                         0x00000299   Thumb Code     2  startup_tm4c123.o(.text)
    PendSV_Handler                           0x0000029b   Thumb Code     2  startup_tm4c123.o(.text)
    SysTick_Handler                          0x0000029d   Thumb Code     2  startup_tm4c123.o(.text)
    GPIOA_Handler                            0x0000029f   Thumb Code     2  startup_tm4c123.o(.text)
    GPIOB_Handler                            0x000002a1   Thumb Code     2  startup_tm4c123.o(.text)
    GPIOC_Handler                            0x000002a3   Thumb Code     2  startup_tm4c123.o(.text)
    GPIOD_Handler                            0x000002a5   Thumb Code     2  startup_tm4c123.o(.text)
    GPIOE_Handler                            0x000002a7   Thumb Code     2  startup_tm4c123.o(.text)
    UART0_Handler                            0x000002a9   Thumb Code     2  startup_tm4c123.o(.text)
    UART1_Handler                            0x000002ab   Thumb Code     2  startup_tm4c123.o(.text)
    SSI0_Handler                             0x000002ad   Thumb Code     2  startup_tm4c123.o(.text)
    I2C0_Handler                             0x000002af   Thumb Code     2  startup_tm4c123.o(.text)
    PMW0_FAULT_Handler                       0x000002b1   Thumb Code     2  startup_tm4c123.o(.text)
    PWM0_0_Handler                           0x000002b3   Thumb Code     2  startup_tm4c123.o(.text)
    PWM0_1_Handler                           0x000002b5   Thumb Code     2  startup_tm4c123.o(.text)
    PWM0_2_Handler                           0x000002b7   Thumb Code     2  startup_tm4c123.o(.text)
    QEI0_Handler                             0x000002b9   Thumb Code     2  startup_tm4c123.o(.text)
    ADC0SS0_Handler                          0x000002bb   Thumb Code     2  startup_tm4c123.o(.text)
    ADC0SS1_Handler                          0x000002bd   Thumb Code     2  startup_tm4c123.o(.text)
    ADC0SS2_Handler                          0x000002bf   Thumb Code     2  startup_tm4c123.o(.text)
    ADC0SS3_Handler                          0x000002c1   Thumb Code     2  startup_tm4c123.o(.text)
    WDT0_Handler                             0x000002c3   Thumb Code     2  startup_tm4c123.o(.text)
    TIMER0A_Handler                          0x000002c5   Thumb Code     2  startup_tm4c123.o(.text)
    TIMER0B_Handler                          0x000002c7   Thumb Code     2  startup_tm4c123.o(.text)
    TIMER1A_Handler                          0x000002c9   Thumb Code     2  startup_tm4c123.o(.text)
    TIMER1B_Handler                          0x000002cb   Thumb Code     2  startup_tm4c123.o(.text)
    TIMER2A_Handler                          0x000002cd   Thumb Code     2  startup_tm4c123.o(.text)
    TIMER2B_Handler                          0x000002cf   Thumb Code     2  startup_tm4c123.o(.text)
    COMP0_Handler                            0x000002d1   Thumb Code     2  startup_tm4c123.o(.text)
    COMP1_Handler                            0x000002d3   Thumb Code     2  startup_tm4c123.o(.text)
    COMP2_Handler                            0x000002d5   Thumb Code     2  startup_tm4c123.o(.text)
    SYSCTL_Handler                           0x000002d7   Thumb Code     2  startup_tm4c123.o(.text)
    FLASH_Handler                            0x000002d9   Thumb Code     2  startup_tm4c123.o(.text)
    GPIOF_Handler                            0x000002db   Thumb Code     2  startup_tm4c123.o(.text)
    GPIOG_Handler                            0x000002dd   Thumb Code     2  startup_tm4c123.o(.text)
    GPIOH_Handler                            0x000002df   Thumb Code     2  startup_tm4c123.o(.text)
    UART2_Handler                            0x000002e1   Thumb Code     2  startup_tm4c123.o(.text)
    SSI1_Handler                             0x000002e3   Thumb Code     2  startup_tm4c123.o(.text)
    TIMER3A_Handler                          0x000002e5   Thumb Code     2  startup_tm4c123.o(.text)
    TIMER3B_Handler                          0x000002e7   Thumb Code     2  startup_tm4c123.o(.text)
    I2C1_Handler                             0x000002e9   Thumb Code     2  startup_tm4c123.o(.text)
    QEI1_Handler                             0x000002eb   Thumb Code     2  startup_tm4c123.o(.text)
    CAN0_Handler                             0x000002ed   Thumb Code     2  startup_tm4c123.o(.text)
    CAN1_Handler                             0x000002ef   Thumb Code     2  startup_tm4c123.o(.text)
    CAN2_Handler                             0x000002f1   Thumb Code     2  startup_tm4c123.o(.text)
    HIB_Handler                              0x000002f3   Thumb Code     2  startup_tm4c123.o(.text)
    USB0_Handler                             0x000002f5   Thumb Code     2  startup_tm4c123.o(.text)
    PWM0_3_Handler                           0x000002f7   Thumb Code     2  startup_tm4c123.o(.text)
    UDMA_Handler                             0x000002f9   Thumb Code     2  startup_tm4c123.o(.text)
    UDMAERR_Handler                          0x000002fb   Thumb Code     2  startup_tm4c123.o(.text)
    ADC1SS0_Handler                          0x000002fd   Thumb Code     2  startup_tm4c123.o(.text)
    ADC1SS1_Handler                          0x000002ff   Thumb Code     2  startup_tm4c123.o(.text)
    ADC1SS2_Handler                          0x00000301   Thumb Code     2  startup_tm4c123.o(.text)
    ADC1SS3_Handler                          0x00000303   Thumb Code     2  startup_tm4c123.o(.text)
    GPIOJ_Handler                            0x00000305   Thumb Code     2  startup_tm4c123.o(.text)
    GPIOK_Handler                            0x00000307   Thumb Code     2  startup_tm4c123.o(.text)
    GPIOL_Handler                            0x00000309   Thumb Code     2  startup_tm4c123.o(.text)
    SSI2_Handler                             0x0000030b   Thumb Code     2  startup_tm4c123.o(.text)
    SSI3_Handler                             0x0000030d   Thumb Code     2  startup_tm4c123.o(.text)
    UART3_Handler                            0x0000030f   Thumb Code     2  startup_tm4c123.o(.text)
    UART4_Handler                            0x00000311   Thumb Code     2  startup_tm4c123.o(.text)
    UART5_Handler                            0x00000313   Thumb Code     2  startup_tm4c123.o(.text)
    UART6_Handler                            0x00000315   Thumb Code     2  startup_tm4c123.o(.text)
    UART7_Handler                            0x00000317   Thumb Code     2  startup_tm4c123.o(.text)
    I2C2_Handler                             0x00000319   Thumb Code     2  startup_tm4c123.o(.text)
    I2C3_Handler                             0x0000031b   Thumb Code     2  startup_tm4c123.o(.text)
    TIMER4A_Handler                          0x0000031d   Thumb Code     2  startup_tm4c123.o(.text)
    TIMER4B_Handler                          0x0000031f   Thumb Code     2  startup_tm4c123.o(.text)
    TIMER5A_Handler                          0x00000321   Thumb Code     2  startup_tm4c123.o(.text)
    TIMER5B_Handler                          0x00000323   Thumb Code     2  startup_tm4c123.o(.text)
    WTIMER0A_Handler                         0x00000325   Thumb Code     2  startup_tm4c123.o(.text)
    WTIMER0B_Handler                         0x00000327   Thumb Code     2  startup_tm4c123.o(.text)
    WTIMER1A_Handler                         0x00000329   Thumb Code     2  startup_tm4c123.o(.text)
    WTIMER1B_Handler                         0x0000032b   Thumb Code     2  startup_tm4c123.o(.text)
    WTIMER2A_Handler                         0x0000032d   Thumb Code     2  startup_tm4c123.o(.text)
    WTIMER2B_Handler                         0x0000032f   Thumb Code     2  startup_tm4c123.o(.text)
    WTIMER3A_Handler                         0x00000331   Thumb Code     2  startup_tm4c123.o(.text)
    WTIMER3B_Handler                         0x00000333   Thumb Code     2  startup_tm4c123.o(.text)
    WTIMER4A_Handler                         0x00000335   Thumb Code     2  startup_tm4c123.o(.text)
    WTIMER4B_Handler                         0x00000337   Thumb Code     2  startup_tm4c123.o(.text)
    WTIMER5A_Handler                         0x00000339   Thumb Code     2  startup_tm4c123.o(.text)
    WTIMER5B_Handler                         0x0000033b   Thumb Code     2  startup_tm4c123.o(.text)
    FPU_Handler                              0x0000033d   Thumb Code     2  startup_tm4c123.o(.text)
    I2C4_Handler                             0x0000033f   Thumb Code     2  startup_tm4c123.o(.text)
    I2C5_Handler                             0x00000341   Thumb Code     2  startup_tm4c123.o(.text)
    GPIOM_Handler                            0x00000343   Thumb Code     2  startup_tm4c123.o(.text)
    GPION_Handler                            0x00000345   Thumb Code     2  startup_tm4c123.o(.text)
    QEI2_Handler                             0x00000347   Thumb Code     2  startup_tm4c123.o(.text)
    GPIOP0_Handler                           0x00000349   Thumb Code     2  startup_tm4c123.o(.text)
    GPIOP1_Handler                           0x0000034b   Thumb Code     2  startup_tm4c123.o(.text)
    GPIOP2_Handler                           0x0000034d   Thumb Code     2  startup_tm4c123.o(.text)
    GPIOP3_Handler                           0x0000034f   Thumb Code     2  startup_tm4c123.o(.text)
    GPIOP4_Handler                           0x00000351   Thumb Code     2  startup_tm4c123.o(.text)
    GPIOP5_Handler                           0x00000353   Thumb Code     2  startup_tm4c123.o(.text)
    GPIOP6_Handler                           0x00000355   Thumb Code     2  startup_tm4c123.o(.text)
    GPIOP7_Handler                           0x00000357   Thumb Code     2  startup_tm4c123.o(.text)
    GPIOQ0_Handler                           0x00000359   Thumb Code     2  startup_tm4c123.o(.text)
    GPIOQ1_Handler                           0x0000035b   Thumb Code     2  startup_tm4c123.o(.text)
    GPIOQ2_Handler                           0x0000035d   Thumb Code     2  startup_tm4c123.o(.text)
    GPIOQ3_Handler                           0x0000035f   Thumb Code     2  startup_tm4c123.o(.text)
    GPIOQ4_Handler                           0x00000361   Thumb Code     2  startup_tm4c123.o(.text)
    GPIOQ5_Handler                           0x00000363   Thumb Code     2  startup_tm4c123.o(.text)
    GPIOQ6_Handler                           0x00000365   Thumb Code     2  startup_tm4c123.o(.text)
    GPIOQ7_Handler                           0x00000367   Thumb Code     2  startup_tm4c123.o(.text)
    GPIOR_Handler                            0x00000369   Thumb Code     2  startup_tm4c123.o(.text)
    GPIOS_Handler                            0x0000036b   Thumb Code     2  startup_tm4c123.o(.text)
    PMW1_0_Handler                           0x0000036d   Thumb Code     2  startup_tm4c123.o(.text)
    PWM1_1_Handler                           0x0000036f   Thumb Code     2  startup_tm4c123.o(.text)
    PWM1_2_Handler                           0x00000371   Thumb Code     2  startup_tm4c123.o(.text)
    PWM1_3_Handler                           0x00000373   Thumb Code     2  startup_tm4c123.o(.text)
    PWM1_FAULT_Handler                       0x00000375   Thumb Code     2  startup_tm4c123.o(.text)
    __aeabi_memset                           0x00000381   Thumb Code    14  memseta.o(.text)
    __aeabi_memset4                          0x00000381   Thumb Code     0  memseta.o(.text)
    __aeabi_memset8                          0x00000381   Thumb Code     0  memseta.o(.text)
    __aeabi_memclr                           0x0000038f   Thumb Code     4  memseta.o(.text)
    __aeabi_memclr4                          0x0000038f   Thumb Code     0  memseta.o(.text)
    __aeabi_memclr8                          0x0000038f   Thumb Code     0  memseta.o(.text)
    _memset$wrapper                          0x00000393   Thumb Code    18  memseta.o(.text)
    strcat                                   0x000003a5   Thumb Code    24  strcat.o(.text)
    strlen                                   0x000003bd   Thumb Code    14  strlen.o(.text)
    strcpy                                   0x000003cb   Thumb Code    18  strcpy.o(.text)
    atoi                                     0x000003dd   Thumb Code    26  atoi.o(.text)
    __aeabi_dmul                             0x000003f7   Thumb Code   228  dmul.o(.text)
    __aeabi_i2d                              0x000004db   Thumb Code    34  dflti.o(.text)
    __aeabi_d2iz                             0x000004fd   Thumb Code    62  dfixi.o(.text)
    __aeabi_f2d                              0x0000053b   Thumb Code    38  f2d.o(.text)
    __aeabi_d2f                              0x00000561   Thumb Code    56  d2f.o(.text)
    __aeabi_uidiv                            0x00000599   Thumb Code     0  uidiv.o(.text)
    __aeabi_uidivmod                         0x00000599   Thumb Code    44  uidiv.o(.text)
    __aeabi_uldivmod                         0x000005c5   Thumb Code    98  uldiv.o(.text)
    __aeabi_llsr                             0x00000627   Thumb Code    32  llushr.o(.text)
    _ll_ushift_r                             0x00000627   Thumb Code     0  llushr.o(.text)
    __strtod_int                             0x0000067f   Thumb Code    90  strtod.o(.text)
    strtol                                   0x000006e5   Thumb Code   112  strtol.o(.text)
    __I$use$fp                               0x00000755   Thumb Code     0  iusefp.o(.text)
    _float_round                             0x00000755   Thumb Code    18  fepilogue.o(.text)
    _float_epilogue                          0x00000767   Thumb Code    92  fepilogue.o(.text)
    _double_round                            0x000007c3   Thumb Code    30  depilogue.o(.text)
    _double_epilogue                         0x000007e1   Thumb Code   156  depilogue.o(.text)
    __aeabi_dadd                             0x0000087d   Thumb Code   322  dadd.o(.text)
    __aeabi_dsub                             0x000009bf   Thumb Code     6  dadd.o(.text)
    __aeabi_drsub                            0x000009c5   Thumb Code     6  dadd.o(.text)
    __aeabi_ddiv                             0x000009cb   Thumb Code   222  ddiv.o(.text)
    __ARM_scalbn                             0x00000aa9   Thumb Code    46  dscalb.o(.text)
    scalbn                                   0x00000aa9   Thumb Code     0  dscalb.o(.text)
    __aeabi_d2ulz                            0x00000ad7   Thumb Code    48  dfixul.o(.text)
    __aeabi_cdrcmple                         0x00000b09   Thumb Code    48  cdrcmple.o(.text)
    __scatterload                            0x00000b39   Thumb Code    28  init.o(.text)
    __scatterload_rt2                        0x00000b39   Thumb Code     0  init.o(.text)
    __aeabi_llsl                             0x00000b5d   Thumb Code    30  llshl.o(.text)
    _ll_shift_l                              0x00000b5d   Thumb Code     0  llshl.o(.text)
    __aeabi_lasr                             0x00000b7b   Thumb Code    36  llsshr.o(.text)
    _ll_sshift_r                             0x00000b7b   Thumb Code     0  llsshr.o(.text)
    __rt_ctype_table                         0x00000ba1   Thumb Code     4  ctype_o.o(.text)
    isspace                                  0x00000ba9   Thumb Code    18  isspace_o.o(.text)
    _scanf_real                              0x00000ce5   Thumb Code     0  scanf_fp.o(.text)
    _scanf_really_real                       0x00000ce5   Thumb Code   556  scanf_fp.o(.text)
    _sgetc                                   0x00000f1d   Thumb Code    30  _sgetc.o(.text)
    _sbackspace                              0x00000f3b   Thumb Code    34  _sgetc.o(.text)
    _strtoul                                 0x00000f5d   Thumb Code   158  _strtoul.o(.text)
    _dsqrt                                   0x00000ffb   Thumb Code   162  dsqrt.o(.text)
    _chval                                   0x0000109d   Thumb Code    28  _chval.o(.text)
    __aeabi_ul2d                             0x000010b9   Thumb Code    24  dfltul.o(.text)
    Calculate                                0x000010d1   Thumb Code  2556  main.o(i.Calculate)
    Delay_Init                               0x00001b01   Thumb Code   130  delay.o(i.Delay_Init)
    Delay_Us                                 0x00001b89   Thumb Code    32  delay.o(i.Delay_Us)
    Delay_ms                                 0x00001ba9   Thumb Code    38  delay.o(i.Delay_ms)
    Initialize                               0x00001bcf   Thumb Code    24  main.o(i.Initialize)
    Keypad_Init                              0x00001be9   Thumb Code   206  keypad.o(i.Keypad_Init)
    Keypad_Read                              0x00001cd5   Thumb Code   272  keypad.o(i.Keypad_Read)
    LCD_Clear_Screen                         0x00001df5   Thumb Code    40  lcd.o(i.LCD_Clear_Screen)
    LCD_Command_Init                         0x00001e1d   Thumb Code    76  lcd.o(i.LCD_Command_Init)
    LCD_Data                                 0x00001e69   Thumb Code    70  lcd.o(i.LCD_Data)
    LCD_Init                                 0x00001eb5   Thumb Code   100  lcd.o(i.LCD_Init)
    LCD_Port_Init                            0x00001f1d   Thumb Code   180  lcd.o(i.LCD_Port_Init)
    LCD_Write_String                         0x00001fe9   Thumb Code    22  lcd.o(i.LCD_Write_String)
    Rec_Char                                 0x00002001   Thumb Code   162  main.o(i.Rec_Char)
    Rec_Number                               0x000020ad   Thumb Code    94  main.o(i.Rec_Number)
    SystemInit                               0x0000210d   Thumb Code   112  system_tm4c123.o(i.SystemInit)
    __0sprintf                               0x000021a5   Thumb Code    34  printfa.o(i.__0sprintf)
    __1sprintf                               0x000021a5   Thumb Code     0  printfa.o(i.__0sprintf)
    __2sprintf                               0x000021a5   Thumb Code     0  printfa.o(i.__0sprintf)
    __c89sprintf                             0x000021a5   Thumb Code     0  printfa.o(i.__0sprintf)
    sprintf                                  0x000021a5   Thumb Code     0  printfa.o(i.__0sprintf)
    __ARM_fpclassify                         0x000021cd   Thumb Code    48  fpclassify.o(i.__ARM_fpclassify)
    __aeabi_errno_addr                       0x000021fd   Thumb Code     4  errno.o(i.__aeabi_errno_addr)
    __rt_errno_addr                          0x000021fd   Thumb Code     0  errno.o(i.__aeabi_errno_addr)
    __hardfp_atof                            0x00002209   Thumb Code    44  atof.o(i.__hardfp_atof)
    __hardfp_pow                             0x00002241   Thumb Code  3072  pow.o(i.__hardfp_pow)
    __kernel_poly                            0x00002e91   Thumb Code   248  poly.o(i.__kernel_poly)
    __mathlib_dbl_divzero                    0x00002f89   Thumb Code    28  dunder.o(i.__mathlib_dbl_divzero)
    __mathlib_dbl_infnan2                    0x00002fb9   Thumb Code    20  dunder.o(i.__mathlib_dbl_infnan2)
    __mathlib_dbl_invalid                    0x00002fd1   Thumb Code    24  dunder.o(i.__mathlib_dbl_invalid)
    __mathlib_dbl_overflow                   0x00002ff1   Thumb Code    24  dunder.o(i.__mathlib_dbl_overflow)
    __mathlib_dbl_underflow                  0x00003011   Thumb Code    24  dunder.o(i.__mathlib_dbl_underflow)
    __read_errno                             0x00003031   Thumb Code     6  errno.o(i.__read_errno)
    __scatterload_copy                       0x0000303d   Thumb Code    14  handlers.o(i.__scatterload_copy)
    __scatterload_null                       0x0000304b   Thumb Code     2  handlers.o(i.__scatterload_null)
    __scatterload_zeroinit                   0x0000304d   Thumb Code    14  handlers.o(i.__scatterload_zeroinit)
    __set_errno                              0x0000305d   Thumb Code     6  errno.o(i.__set_errno)
    _is_digit                                0x000031ed   Thumb Code    14  scanf_fp.o(i._is_digit)
    fabs                                     0x0000390d   Thumb Code    24  fabs.o(i.fabs)
    lcdENPulse                               0x00003925   Thumb Code    44  lcd.o(i.lcdENPulse)
    lcdGoto                                  0x00003951   Thumb Code    18  lcd.o(i.lcdGoto)
    lcd_Command                              0x00003965   Thumb Code    60  lcd.o(i.lcd_Command)
    main                                     0x000039a5   Thumb Code   406  main.o(i.main)
    password                                 0x00003b8d   Thumb Code   280  main.o(i.password)
    sqrt                                     0x00003cdd   Thumb Code   110  sqrt.o(i.sqrt)
    __mathlib_zero                           0x00003de8   Data           8  qnan.o(.constdata)
    __ctype_table                            0x00003df0   Data         129  ctype_o.o(.constdata)
    Region$$Table$$Base                      0x00003e78   Number         0  anon$$obj.o(Region$$Table)
    Region$$Table$$Limit                     0x00003e98   Number         0  anon$$obj.o(Region$$Table)
    First_op                                 0x20000000   Data           4  main.o(.data)
    Second_op                                0x20000004   Data           4  main.o(.data)
    Third_op                                 0x20000008   Data           4  main.o(.data)
    Fourth_op                                0x2000000c   Data           4  main.o(.data)
    Answer                                   0x20000010   Data           4  main.o(.data)
    Pass_Check                               0x20000014   Data           4  main.o(.data)
    Count                                    0x20000018   Data           4  main.o(.data)
    cursor                                   0x2000001c   Data           4  main.o(.data)
    S_flag                                   0x20000020   Data           4  main.o(.data)
    dotflag                                  0x20000024   Data           4  main.o(.data)
    PW                                       0x20000028   Data           4  main.o(.data)
    d                                        0x2000002c   Data           1  main.o(.data)
    key                                      0x2000002d   Data           1  main.o(.data)
    in                                       0x2000002e   Data           1  main.o(.data)
    key_new                                  0x2000002f   Data           1  main.o(.data)
    x                                        0x20000030   Data           4  main.o(.data)
    y                                        0x20000034   Data           4  main.o(.data)
    operation                                0x2000003c   Data          80  main.o(.bss)
    pass_verify                              0x2000008c   Data          20  main.o(.bss)
    pass_in                                  0x200000a0   Data          20  main.o(.bss)
    store_pass                               0x200000b4   Data          20  main.o(.bss)
    final                                    0x200000c8   Data          20  main.o(.bss)
    first_op_final                           0x200000dc   Data          20  main.o(.bss)
    seconed_op_final                         0x200000f0   Data          20  main.o(.bss)
    third_op_final                           0x20000104   Data          20  main.o(.bss)
    fourth_op_final                          0x20000118   Data          20  main.o(.bss)
    __initial_sp                             0x20000330   Data           0  startup_tm4c123.o(STACK)



==============================================================================

Memory Map of the image

  Image Entry point : 0x00000285

  Load Region LR_1 (Base: 0x00000000, Size: 0x00003ed4, Max: 0xffffffff, ABSOLUTE)

    Execution Region ER_RO (Exec base: 0x00000000, Load base: 0x00000000, Size: 0x00003e98, Max: 0xffffffff, ABSOLUTE)

    Exec Addr    Load Addr    Size         Type   Attr      Idx    E Section Name        Object

    0x00000000   0x00000000   0x0000026c   Data   RO          180    RESET               startup_tm4c123.o
    0x0000026c   0x0000026c   0x00000000   Code   RO          272  * .ARM.Collect$$$$00000000  mc_w.l(entry.o)
    0x0000026c   0x0000026c   0x00000004   Code   RO          593    .ARM.Collect$$$$00000001  mc_w.l(entry2.o)
    0x00000270   0x00000270   0x00000004   Code   RO          596    .ARM.Collect$$$$00000004  mc_w.l(entry5.o)
    0x00000274   0x00000274   0x00000000   Code   RO          598    .ARM.Collect$$$$00000008  mc_w.l(entry7b.o)
    0x00000274   0x00000274   0x00000000   Code   RO          600    .ARM.Collect$$$$0000000A  mc_w.l(entry8b.o)
    0x00000274   0x00000274   0x00000008   Code   RO          601    .ARM.Collect$$$$0000000B  mc_w.l(entry9a.o)
    0x0000027c   0x0000027c   0x00000004   Code   RO          608    .ARM.Collect$$$$0000000E  mc_w.l(entry12b.o)
    0x00000280   0x00000280   0x00000000   Code   RO          603    .ARM.Collect$$$$0000000F  mc_w.l(entry10a.o)
    0x00000280   0x00000280   0x00000000   Code   RO          605    .ARM.Collect$$$$00000011  mc_w.l(entry11a.o)
    0x00000280   0x00000280   0x00000004   Code   RO          594    .ARM.Collect$$$$00002712  mc_w.l(entry2.o)
    0x00000284   0x00000284   0x000000fc   Code   RO          181  * .text               startup_tm4c123.o
    0x00000380   0x00000380   0x00000024   Code   RO          275    .text               mc_w.l(memseta.o)
    0x000003a4   0x000003a4   0x00000018   Code   RO          277    .text               mc_w.l(strcat.o)
    0x000003bc   0x000003bc   0x0000000e   Code   RO          279    .text               mc_w.l(strlen.o)
    0x000003ca   0x000003ca   0x00000012   Code   RO          281    .text               mc_w.l(strcpy.o)
    0x000003dc   0x000003dc   0x0000001a   Code   RO          544    .text               mc_w.l(atoi.o)
    0x000003f6   0x000003f6   0x000000e4   Code   RO          546    .text               mf_w.l(dmul.o)
    0x000004da   0x000004da   0x00000022   Code   RO          548    .text               mf_w.l(dflti.o)
    0x000004fc   0x000004fc   0x0000003e   Code   RO          550    .text               mf_w.l(dfixi.o)
    0x0000053a   0x0000053a   0x00000026   Code   RO          552    .text               mf_w.l(f2d.o)
    0x00000560   0x00000560   0x00000038   Code   RO          554    .text               mf_w.l(d2f.o)
    0x00000598   0x00000598   0x0000002c   Code   RO          612    .text               mc_w.l(uidiv.o)
    0x000005c4   0x000005c4   0x00000062   Code   RO          614    .text               mc_w.l(uldiv.o)
    0x00000626   0x00000626   0x00000020   Code   RO          616    .text               mc_w.l(llushr.o)
    0x00000646   0x00000646   0x00000002   PAD
    0x00000648   0x00000648   0x0000009c   Code   RO          625    .text               mc_w.l(strtod.o)
    0x000006e4   0x000006e4   0x00000070   Code   RO          627    .text               mc_w.l(strtol.o)
    0x00000754   0x00000754   0x00000000   Code   RO          629    .text               mc_w.l(iusefp.o)
    0x00000754   0x00000754   0x0000006e   Code   RO          630    .text               mf_w.l(fepilogue.o)
    0x000007c2   0x000007c2   0x000000ba   Code   RO          632    .text               mf_w.l(depilogue.o)
    0x0000087c   0x0000087c   0x0000014e   Code   RO          634    .text               mf_w.l(dadd.o)
    0x000009ca   0x000009ca   0x000000de   Code   RO          636    .text               mf_w.l(ddiv.o)
    0x00000aa8   0x00000aa8   0x0000002e   Code   RO          640    .text               mf_w.l(dscalb.o)
    0x00000ad6   0x00000ad6   0x00000030   Code   RO          642    .text               mf_w.l(dfixul.o)
    0x00000b06   0x00000b06   0x00000002   PAD
    0x00000b08   0x00000b08   0x00000030   Code   RO          644    .text               mf_w.l(cdrcmple.o)
    0x00000b38   0x00000b38   0x00000024   Code   RO          646    .text               mc_w.l(init.o)
    0x00000b5c   0x00000b5c   0x0000001e   Code   RO          649    .text               mc_w.l(llshl.o)
    0x00000b7a   0x00000b7a   0x00000024   Code   RO          651    .text               mc_w.l(llsshr.o)
    0x00000b9e   0x00000b9e   0x00000002   PAD
    0x00000ba0   0x00000ba0   0x00000008   Code   RO          655    .text               mc_w.l(ctype_o.o)
    0x00000ba8   0x00000ba8   0x00000012   Code   RO          677    .text               mc_w.l(isspace_o.o)
    0x00000bba   0x00000bba   0x00000002   PAD
    0x00000bbc   0x00000bbc   0x00000360   Code   RO          683    .text               mc_w.l(scanf_fp.o)
    0x00000f1c   0x00000f1c   0x00000040   Code   RO          687    .text               mc_w.l(_sgetc.o)
    0x00000f5c   0x00000f5c   0x0000009e   Code   RO          689    .text               mc_w.l(_strtoul.o)
    0x00000ffa   0x00000ffa   0x000000a2   Code   RO          692    .text               mf_w.l(dsqrt.o)
    0x0000109c   0x0000109c   0x0000001c   Code   RO          699    .text               mc_w.l(_chval.o)
    0x000010b8   0x000010b8   0x00000018   Code   RO          701    .text               mf_w.l(dfltul.o)
    0x000010d0   0x000010d0   0x00000a30   Code   RO            1    i.Calculate         main.o
    0x00001b00   0x00001b00   0x00000088   Code   RO          154    i.Delay_Init        delay.o
    0x00001b88   0x00001b88   0x00000020   Code   RO          155    i.Delay_Us          delay.o
    0x00001ba8   0x00001ba8   0x00000026   Code   RO          156    i.Delay_ms          delay.o
    0x00001bce   0x00001bce   0x00000018   Code   RO            2    i.Initialize        main.o
    0x00001be6   0x00001be6   0x00000002   PAD
    0x00001be8   0x00001be8   0x000000ec   Code   RO           72    i.Keypad_Init       keypad.o
    0x00001cd4   0x00001cd4   0x00000120   Code   RO           73    i.Keypad_Read       keypad.o
    0x00001df4   0x00001df4   0x00000028   Code   RO           94    i.LCD_Clear_Screen  lcd.o
    0x00001e1c   0x00001e1c   0x0000004c   Code   RO           95    i.LCD_Command_Init  lcd.o
    0x00001e68   0x00001e68   0x0000004c   Code   RO           96    i.LCD_Data          lcd.o
    0x00001eb4   0x00001eb4   0x00000068   Code   RO           97    i.LCD_Init          lcd.o
    0x00001f1c   0x00001f1c   0x000000cc   Code   RO           98    i.LCD_Port_Init     lcd.o
    0x00001fe8   0x00001fe8   0x00000016   Code   RO           99    i.LCD_Write_String  lcd.o
    0x00001ffe   0x00001ffe   0x00000002   PAD
    0x00002000   0x00002000   0x000000ac   Code   RO            3    i.Rec_Char          main.o
    0x000020ac   0x000020ac   0x0000005e   Code   RO            4    i.Rec_Number        main.o
    0x0000210a   0x0000210a   0x00000002   PAD
    0x0000210c   0x0000210c   0x00000098   Code   RO          190    i.SystemInit        system_tm4c123.o
    0x000021a4   0x000021a4   0x00000028   Code   RO          518    i.__0sprintf        mc_w.l(printfa.o)
    0x000021cc   0x000021cc   0x00000030   Code   RO          576    i.__ARM_fpclassify  m_wm.l(fpclassify.o)
    0x000021fc   0x000021fc   0x00000008   Code   RO          618    i.__aeabi_errno_addr  mc_w.l(errno.o)
    0x00002204   0x00002204   0x00000004   PAD
    0x00002208   0x00002208   0x00000038   Code   RO          252    i.__hardfp_atof     m_wm.l(atof.o)
    0x00002240   0x00002240   0x00000c50   Code   RO          258    i.__hardfp_pow      m_wm.l(pow.o)
    0x00002e90   0x00002e90   0x000000f8   Code   RO          578    i.__kernel_poly     m_wm.l(poly.o)
    0x00002f88   0x00002f88   0x00000030   Code   RO          556    i.__mathlib_dbl_divzero  m_wm.l(dunder.o)
    0x00002fb8   0x00002fb8   0x00000014   Code   RO          558    i.__mathlib_dbl_infnan2  m_wm.l(dunder.o)
    0x00002fcc   0x00002fcc   0x00000004   PAD
    0x00002fd0   0x00002fd0   0x00000020   Code   RO          559    i.__mathlib_dbl_invalid  m_wm.l(dunder.o)
    0x00002ff0   0x00002ff0   0x00000020   Code   RO          560    i.__mathlib_dbl_overflow  m_wm.l(dunder.o)
    0x00003010   0x00003010   0x00000020   Code   RO          562    i.__mathlib_dbl_underflow  m_wm.l(dunder.o)
    0x00003030   0x00003030   0x0000000c   Code   RO          619    i.__read_errno      mc_w.l(errno.o)
    0x0000303c   0x0000303c   0x0000000e   Code   RO          705    i.__scatterload_copy  mc_w.l(handlers.o)
    0x0000304a   0x0000304a   0x00000002   Code   RO          706    i.__scatterload_null  mc_w.l(handlers.o)
    0x0000304c   0x0000304c   0x0000000e   Code   RO          707    i.__scatterload_zeroinit  mc_w.l(handlers.o)
    0x0000305a   0x0000305a   0x00000002   PAD
    0x0000305c   0x0000305c   0x0000000c   Code   RO          620    i.__set_errno       mc_w.l(errno.o)
    0x00003068   0x00003068   0x00000184   Code   RO          523    i._fp_digits        mc_w.l(printfa.o)
    0x000031ec   0x000031ec   0x0000000e   Code   RO          685    i._is_digit         mc_w.l(scanf_fp.o)
    0x000031fa   0x000031fa   0x00000002   PAD
    0x000031fc   0x000031fc   0x000006b4   Code   RO          524    i._printf_core      mc_w.l(printfa.o)
    0x000038b0   0x000038b0   0x00000024   Code   RO          525    i._printf_post_padding  mc_w.l(printfa.o)
    0x000038d4   0x000038d4   0x0000002e   Code   RO          526    i._printf_pre_padding  mc_w.l(printfa.o)
    0x00003902   0x00003902   0x0000000a   Code   RO          528    i._sputc            mc_w.l(printfa.o)
    0x0000390c   0x0000390c   0x00000018   Code   RO          572    i.fabs              m_wm.l(fabs.o)
    0x00003924   0x00003924   0x0000002c   Code   RO          100    i.lcdENPulse        lcd.o
    0x00003950   0x00003950   0x00000012   Code   RO          101    i.lcdGoto           lcd.o
    0x00003962   0x00003962   0x00000002   PAD
    0x00003964   0x00003964   0x00000040   Code   RO          102    i.lcd_Command       lcd.o
    0x000039a4   0x000039a4   0x000001e8   Code   RO            5    i.main              main.o
    0x00003b8c   0x00003b8c   0x00000150   Code   RO            6    i.password          main.o
    0x00003cdc   0x00003cdc   0x0000006e   Code   RO          583    i.sqrt              m_wm.l(sqrt.o)
    0x00003d4a   0x00003d4a   0x00000002   PAD
    0x00003d4c   0x00003d4c   0x00000010   Data   RO           74    .constdata          keypad.o
    0x00003d5c   0x00003d5c   0x00000004   PAD
    0x00003d60   0x00003d60   0x00000088   Data   RO          261    .constdata          m_wm.l(pow.o)
    0x00003de8   0x00003de8   0x00000008   Data   RO          580    .constdata          m_wm.l(qnan.o)
    0x00003df0   0x00003df0   0x00000081   Data   RO          656    .constdata          mc_w.l(ctype_o.o)
    0x00003e71   0x00003e71   0x00000003   PAD
    0x00003e74   0x00003e74   0x00000004   Data   RO          657    .constdata          mc_w.l(ctype_o.o)
    0x00003e78   0x00003e78   0x00000020   Data   RO          703    Region$$Table       anon$$obj.o


    Execution Region ER_RW (Exec base: 0x20000000, Load base: 0x00003e98, Size: 0x0000003c, Max: 0xffffffff, ABSOLUTE)

    Exec Addr    Load Addr    Size         Type   Attr      Idx    E Section Name        Object

    0x20000000   0x00003e98   0x00000038   Data   RW            8    .data               main.o
    0x20000038   0x00003ed0   0x00000004   Data   RW          621    .data               mc_w.l(errno.o)


    Execution Region ER_ZI (Exec base: 0x2000003c, Load base: 0x00003ed4, Size: 0x000002f4, Max: 0xffffffff, ABSOLUTE)

    Exec Addr    Load Addr    Size         Type   Attr      Idx    E Section Name        Object

    0x2000003c        -       0x000000f0   Zero   RW            7    .bss                main.o
    0x2000012c   0x00003ed4   0x00000004   PAD
    0x20000130        -       0x00000200   Zero   RW          178    STACK               startup_tm4c123.o


==============================================================================

Image component sizes


      Code (inc. data)   RO Data    RW Data    ZI Data      Debug   Object Name

       206          6          0          0          0       1411   delay.o
       524         46         16          0          0       1224   keypad.o
       648         38          0          0          0       4332   lcd.o
      3722        324          0         56        240       7775   main.o
       252         10        620          0        512       5440   startup_tm4c123.o
       152         40          0          0          0       3637   system_tm4c123.o

    ----------------------------------------------------------------------
      5512        464        672         56        756      23819   Object Totals
         0          0         32          0          0          0   (incl. Generated)
         8          0          4          0          4          0   (incl. Padding)

    ----------------------------------------------------------------------

      Code (inc. data)   RO Data    RW Data    ZI Data      Debug   Library Member Name

        56         12          0          0          0        132   atof.o
       164         44          0          0          0        620   dunder.o
        24          0          0          0          0        124   fabs.o
        48          0          0          0          0        124   fpclassify.o
       248          0          0          0          0        152   poly.o
      3152        296        136          0          0        352   pow.o
         0          0          8          0          0          0   qnan.o
       110          0          0          0          0        148   sqrt.o
        28          0          0          0          0         68   _chval.o
        64          0          0          0          0         84   _sgetc.o
       158          0          0          0          0         92   _strtoul.o
        26          0          0          0          0         80   atoi.o
         8          4        133          0          0         68   ctype_o.o
         0          0          0          0          0          0   entry.o
         0          0          0          0          0          0   entry10a.o
         0          0          0          0          0          0   entry11a.o
         4          0          0          0          0          0   entry12b.o
         8          4          0          0          0          0   entry2.o
         4          0          0          0          0          0   entry5.o
         0          0          0          0          0          0   entry7b.o
         0          0          0          0          0          0   entry8b.o
         8          4          0          0          0          0   entry9a.o
        32         16          0          4          0        204   errno.o
        30          0          0          0          0          0   handlers.o
        36          8          0          0          0         68   init.o
        18          0          0          0          0         76   isspace_o.o
         0          0          0          0          0          0   iusefp.o
        30          0          0          0          0         68   llshl.o
        36          0          0          0          0         68   llsshr.o
        32          0          0          0          0         68   llushr.o
        36          0          0          0          0        108   memseta.o
      2236         86          0          0          0        532   printfa.o
       878         12          0          0          0        216   scanf_fp.o
        24          0          0          0          0         68   strcat.o
        18          0          0          0          0         68   strcpy.o
        14          0          0          0          0         68   strlen.o
       156         12          0          0          0        120   strtod.o
       112          0          0          0          0         88   strtol.o
        44          0          0          0          0         80   uidiv.o
        98          0          0          0          0         92   uldiv.o
        48          0          0          0          0         68   cdrcmple.o
        56          0          0          0          0         88   d2f.o
       334          0          0          0          0        148   dadd.o
       222          0          0          0          0        100   ddiv.o
       186          0          0          0          0        176   depilogue.o
        62          0          0          0          0         80   dfixi.o
        48          0          0          0          0         68   dfixul.o
        34          0          0          0          0         76   dflti.o
        24          0          0          0          0         76   dfltul.o
       228          0          0          0          0         96   dmul.o
        46          0          0          0          0         80   dscalb.o
       162          0          0          0          0        100   dsqrt.o
        38          0          0          0          0         68   f2d.o
       110          0          0          0          0        168   fepilogue.o

    ----------------------------------------------------------------------
      9560        502        280          4          0       5428   Library Totals
        22          4          3          0          0          0   (incl. Padding)

    ----------------------------------------------------------------------

      Code (inc. data)   RO Data    RW Data    ZI Data      Debug   Library Name

      3802        352        144          0          0       1652   m_wm.l
      4138        146        133          4          0       2384   mc_w.l
      1598          0          0          0          0       1392   mf_w.l

    ----------------------------------------------------------------------
      9560        502        280          4          0       5428   Library Totals

    ----------------------------------------------------------------------

==============================================================================


      Code (inc. data)   RO Data    RW Data    ZI Data      Debug   

     15072        966        952         60        756      24623   Grand Totals
     15072        966        952         60        756      24623   ELF Image Totals
     15072        966        952         60          0          0   ROM Totals

==============================================================================

    Total RO  Size (Code + RO Data)                16024 (  15.65kB)
    Total RW  Size (RW Data + ZI Data)               816 (   0.80kB)
    Total ROM Size (Code + RO Data + RW Data)      16084 (  15.71kB)

==============================================================================

